Archive member included to satisfy reference by file (symbol)

e:/stm32/stm32cubeide_1.11.0/stm32cubeide/plugins/com.st.stm32cube.ide.mcu.externaltools.gnu-tools-for-stm32.10.3-2021.10.win32_1.0.100.202210260954/tools/bin/../lib/gcc/arm-none-eabi/10.3.1/../../../../arm-none-eabi/lib/thumb/v7e-m+dp/hard\libc_nano.a(lib_a-errno.o)
                              ./Core/Src/syscalls.o (__errno)
e:/stm32/stm32cubeide_1.11.0/stm32cubeide/plugins/com.st.stm32cube.ide.mcu.externaltools.gnu-tools-for-stm32.10.3-2021.10.win32_1.0.100.202210260954/tools/bin/../lib/gcc/arm-none-eabi/10.3.1/../../../../arm-none-eabi/lib/thumb/v7e-m+dp/hard\libc_nano.a(lib_a-exit.o)
                              e:/stm32/stm32cubeide_1.11.0/stm32cubeide/plugins/com.st.stm32cube.ide.mcu.externaltools.gnu-tools-for-stm32.10.3-2021.10.win32_1.0.100.202210260954/tools/bin/../lib/gcc/arm-none-eabi/10.3.1/../../../../arm-none-eabi/lib/thumb/v7e-m+dp/hard/crt0.o (exit)
e:/stm32/stm32cubeide_1.11.0/stm32cubeide/plugins/com.st.stm32cube.ide.mcu.externaltools.gnu-tools-for-stm32.10.3-2021.10.win32_1.0.100.202210260954/tools/bin/../lib/gcc/arm-none-eabi/10.3.1/../../../../arm-none-eabi/lib/thumb/v7e-m+dp/hard\libc_nano.a(lib_a-impure.o)
                              e:/stm32/stm32cubeide_1.11.0/stm32cubeide/plugins/com.st.stm32cube.ide.mcu.externaltools.gnu-tools-for-stm32.10.3-2021.10.win32_1.0.100.202210260954/tools/bin/../lib/gcc/arm-none-eabi/10.3.1/../../../../arm-none-eabi/lib/thumb/v7e-m+dp/hard\libc_nano.a(lib_a-exit.o) (_global_impure_ptr)
e:/stm32/stm32cubeide_1.11.0/stm32cubeide/plugins/com.st.stm32cube.ide.mcu.externaltools.gnu-tools-for-stm32.10.3-2021.10.win32_1.0.100.202210260954/tools/bin/../lib/gcc/arm-none-eabi/10.3.1/../../../../arm-none-eabi/lib/thumb/v7e-m+dp/hard\libc_nano.a(lib_a-init.o)
                              e:/stm32/stm32cubeide_1.11.0/stm32cubeide/plugins/com.st.stm32cube.ide.mcu.externaltools.gnu-tools-for-stm32.10.3-2021.10.win32_1.0.100.202210260954/tools/bin/../lib/gcc/arm-none-eabi/10.3.1/../../../../arm-none-eabi/lib/thumb/v7e-m+dp/hard/crt0.o (__libc_init_array)
e:/stm32/stm32cubeide_1.11.0/stm32cubeide/plugins/com.st.stm32cube.ide.mcu.externaltools.gnu-tools-for-stm32.10.3-2021.10.win32_1.0.100.202210260954/tools/bin/../lib/gcc/arm-none-eabi/10.3.1/../../../../arm-none-eabi/lib/thumb/v7e-m+dp/hard\libc_nano.a(lib_a-memcpy-stub.o)
                              ./Middlewares/ST/cmsis_os2.o (memcpy)
e:/stm32/stm32cubeide_1.11.0/stm32cubeide/plugins/com.st.stm32cube.ide.mcu.externaltools.gnu-tools-for-stm32.10.3-2021.10.win32_1.0.100.202210260954/tools/bin/../lib/gcc/arm-none-eabi/10.3.1/../../../../arm-none-eabi/lib/thumb/v7e-m+dp/hard\libc_nano.a(lib_a-memset.o)
                              e:/stm32/stm32cubeide_1.11.0/stm32cubeide/plugins/com.st.stm32cube.ide.mcu.externaltools.gnu-tools-for-stm32.10.3-2021.10.win32_1.0.100.202210260954/tools/bin/../lib/gcc/arm-none-eabi/10.3.1/../../../../arm-none-eabi/lib/thumb/v7e-m+dp/hard/crt0.o (memset)
e:/stm32/stm32cubeide_1.11.0/stm32cubeide/plugins/com.st.stm32cube.ide.mcu.externaltools.gnu-tools-for-stm32.10.3-2021.10.win32_1.0.100.202210260954/tools/bin/../lib/gcc/arm-none-eabi/10.3.1/../../../../arm-none-eabi/lib/thumb/v7e-m+dp/hard\libc_nano.a(lib_a-printf.o)
                              ./Core/Src/main.o (printf)
e:/stm32/stm32cubeide_1.11.0/stm32cubeide/plugins/com.st.stm32cube.ide.mcu.externaltools.gnu-tools-for-stm32.10.3-2021.10.win32_1.0.100.202210260954/tools/bin/../lib/gcc/arm-none-eabi/10.3.1/../../../../arm-none-eabi/lib/thumb/v7e-m+dp/hard\libc_nano.a(lib_a-sprintf.o)
                              ./Core/Src/tm_porting_layer.o (sprintf)
e:/stm32/stm32cubeide_1.11.0/stm32cubeide/plugins/com.st.stm32cube.ide.mcu.externaltools.gnu-tools-for-stm32.10.3-2021.10.win32_1.0.100.202210260954/tools/bin/../lib/gcc/arm-none-eabi/10.3.1/../../../../arm-none-eabi/lib/thumb/v7e-m+dp/hard\libc_nano.a(lib_a-findfp.o)
                              e:/stm32/stm32cubeide_1.11.0/stm32cubeide/plugins/com.st.stm32cube.ide.mcu.externaltools.gnu-tools-for-stm32.10.3-2021.10.win32_1.0.100.202210260954/tools/bin/../lib/gcc/arm-none-eabi/10.3.1/../../../../arm-none-eabi/lib/thumb/v7e-m+dp/hard\libc_nano.a(lib_a-printf.o) (__sinit)
e:/stm32/stm32cubeide_1.11.0/stm32cubeide/plugins/com.st.stm32cube.ide.mcu.externaltools.gnu-tools-for-stm32.10.3-2021.10.win32_1.0.100.202210260954/tools/bin/../lib/gcc/arm-none-eabi/10.3.1/../../../../arm-none-eabi/lib/thumb/v7e-m+dp/hard\libc_nano.a(lib_a-fwalk.o)
                              e:/stm32/stm32cubeide_1.11.0/stm32cubeide/plugins/com.st.stm32cube.ide.mcu.externaltools.gnu-tools-for-stm32.10.3-2021.10.win32_1.0.100.202210260954/tools/bin/../lib/gcc/arm-none-eabi/10.3.1/../../../../arm-none-eabi/lib/thumb/v7e-m+dp/hard\libc_nano.a(lib_a-findfp.o) (_fwalk)
[...]
Memory Configuration

Name             Origin             Length             Attributes
ITCMRAM          0x0000000000000000 0x0000000000010000 xrw
DTCMRAM          0x0000000020000000 0x0000000000020000 xrw
FLASH            0x0000000008000000 0x0000000000100000 xr
RAM_D1           0x0000000024000000 0x0000000000050000 xrw
RAM_D2           0x0000000030000000 0x0000000000008000 xrw
RAM_D3           0x0000000038000000 0x0000000000004000 xrw
*default*        0x0000000000000000 0xffffffffffffffff

Linker script and memory map

LOAD e:/stm32/stm32cubeide_1.11.0/stm32cubeide/plugins/com.st.stm32cube.ide.mcu.externaltools.gnu-tools-for-stm32.10.3-2021.10.win32_1.0.100.202210260954/tools/bin/../lib/gcc/arm-none-eabi/10.3.1/thumb/v7e-m+dp/hard/crti.o
LOAD e:/stm32/stm32cubeide_1.11.0/stm32cubeide/plugins/com.st.stm32cube.ide.mcu.externaltools.gnu-tools-for-stm32.10.3-2021.10.win32_1.0.100.202210260954/tools/bin/../lib/gcc/arm-none-eabi/10.3.1/thumb/v7e-m+dp/hard/crtbegin.o
LOAD e:/stm32/stm32cubeide_1.11.0/stm32cubeide/plugins/com.st.stm32cube.ide.mcu.externaltools.gnu-tools-for-stm32.10.3-2021.10.win32_1.0.100.202210260954/tools/bin/../lib/gcc/arm-none-eabi/10.3.1/../../../../arm-none-eabi/lib/thumb/v7e-m+dp/hard/crt0.o
LOAD ./AZURE_RTOS/App/app_azure_rtos.o
LOAD ./Core/Src/app_threadx.o
LOAD ./Core/Src/main.o
LOAD ./Core/Src/stm32h7xx_hal_msp.o
LOAD ./Core/Src/stm32h7xx_it.o
LOAD ./Core/Src/syscalls.o
LOAD ./Core/Src/sysmem.o
LOAD ./Core/Src/system_stm32h7xx.o
LOAD ./Core/Src/tm_porting_layer.o
LOAD ./Core/Src/tm_synchronization_processing_test.o
LOAD ./Core/Src/tx_initialize_low_level.o
LOAD ./Core/Startup/startup_stm32h723zgtx.o
LOAD ./Drivers/STM32H7xx_HAL_Driver/Src/stm32h7xx_hal.o
LOAD ./Drivers/STM32H7xx_HAL_Driver/Src/stm32h7xx_hal_cortex.o
LOAD ./Drivers/STM32H7xx_HAL_Driver/Src/stm32h7xx_hal_dma.o
LOAD ./Drivers/STM32H7xx_HAL_Driver/Src/stm32h7xx_hal_dma_ex.o
LOAD ./Drivers/STM32H7xx_HAL_Driver/Src/stm32h7xx_hal_eth.o
LOAD ./Drivers/STM32H7xx_HAL_Driver/Src/stm32h7xx_hal_eth_ex.o
LOAD ./Drivers/STM32H7xx_HAL_Driver/Src/stm32h7xx_hal_exti.o
LOAD ./Drivers/STM32H7xx_HAL_Driver/Src/stm32h7xx_hal_flash.o
LOAD ./Drivers/STM32H7xx_HAL_Driver/Src/stm32h7xx_hal_flash_ex.o
LOAD ./Drivers/STM32H7xx_HAL_Driver/Src/stm32h7xx_hal_gpio.o
LOAD ./Drivers/STM32H7xx_HAL_Driver/Src/stm32h7xx_hal_hsem.o
LOAD ./Drivers/STM32H7xx_HAL_Driver/Src/stm32h7xx_hal_i2c.o
LOAD ./Drivers/STM32H7xx_HAL_Driver/Src/stm32h7xx_hal_i2c_ex.o
LOAD ./Drivers/STM32H7xx_HAL_Driver/Src/stm32h7xx_hal_mdma.o
LOAD ./Drivers/STM32H7xx_HAL_Driver/Src/stm32h7xx_hal_pwr.o
LOAD ./Drivers/STM32H7xx_HAL_Driver/Src/stm32h7xx_hal_pwr_ex.o
LOAD ./Drivers/STM32H7xx_HAL_Driver/Src/stm32h7xx_hal_rcc.o
LOAD ./Drivers/STM32H7xx_HAL_Driver/Src/stm32h7xx_hal_rcc_ex.o
LOAD ./Drivers/STM32H7xx_HAL_Driver/Src/stm32h7xx_hal_tim.o
LOAD ./Drivers/STM32H7xx_HAL_Driver/Src/stm32h7xx_hal_tim_ex.o
LOAD ./Drivers/STM32H7xx_HAL_Driver/Src/stm32h7xx_hal_uart.o
LOAD ./Drivers/STM32H7xx_HAL_Driver/Src/stm32h7xx_hal_uart_ex.o
LOAD ./Middlewares/ST/cmsis_os2.o
LOAD ./Middlewares/ST/threadx/common/src/tx_block_allocate.o
LOAD ./Middlewares/ST/threadx/common/src/tx_block_pool_cleanup.o
LOAD ./Middlewares/ST/threadx/common/src/tx_block_pool_create.o
LOAD ./Middlewares/ST/threadx/common/src/tx_block_pool_delete.o
LOAD ./Middlewares/ST/threadx/common/src/tx_block_pool_info_get.o
LOAD ./Middlewares/ST/threadx/common/src/tx_block_pool_initialize.o
LOAD ./Middlewares/ST/threadx/common/src/tx_block_pool_performance_info_get.o
LOAD ./Middlewares/ST/threadx/common/src/tx_block_pool_performance_system_info_get.o
LOAD ./Middlewares/ST/threadx/common/src/tx_block_pool_prioritize.o
LOAD ./Middlewares/ST/threadx/common/src/tx_block_release.o
LOAD ./Middlewares/ST/threadx/common/src/tx_byte_allocate.o
LOAD ./Middlewares/ST/threadx/common/src/tx_byte_pool_cleanup.o
LOAD ./Middlewares/ST/threadx/common/src/tx_byte_pool_create.o
LOAD ./Middlewares/ST/threadx/common/src/tx_byte_pool_delete.o
LOAD ./Middlewares/ST/threadx/common/src/tx_byte_pool_info_get.o
LOAD ./Middlewares/ST/threadx/common/src/tx_byte_pool_initialize.o
LOAD ./Middlewares/ST/threadx/common/src/tx_byte_pool_performance_info_get.o
LOAD ./Middlewares/ST/threadx/common/src/tx_byte_pool_performance_system_info_get.o
LOAD ./Middlewares/ST/threadx/common/src/tx_byte_pool_prioritize.o
LOAD ./Middlewares/ST/threadx/common/src/tx_byte_pool_search.o
LOAD ./Middlewares/ST/threadx/common/src/tx_byte_release.o
LOAD ./Middlewares/ST/threadx/common/src/tx_event_flags_cleanup.o
LOAD ./Middlewares/ST/threadx/common/src/tx_event_flags_create.o
LOAD ./Middlewares/ST/threadx/common/src/tx_event_flags_delete.o
LOAD ./Middlewares/ST/threadx/common/src/tx_event_flags_get.o
LOAD ./Middlewares/ST/threadx/common/src/tx_event_flags_info_get.o
LOAD ./Middlewares/ST/threadx/common/src/tx_event_flags_initialize.o
LOAD ./Middlewares/ST/threadx/common/src/tx_event_flags_performance_info_get.o
LOAD ./Middlewares/ST/threadx/common/src/tx_event_flags_performance_system_info_get.o
LOAD ./Middlewares/ST/threadx/common/src/tx_event_flags_set.o
LOAD ./Middlewares/ST/threadx/common/src/tx_event_flags_set_notify.o
LOAD ./Middlewares/ST/threadx/common/src/tx_initialize_high_level.o
LOAD ./Middlewares/ST/threadx/common/src/tx_initialize_kernel_enter.o
LOAD ./Middlewares/ST/threadx/common/src/tx_initialize_kernel_setup.o
LOAD ./Middlewares/ST/threadx/common/src/tx_mutex_cleanup.o
LOAD ./Middlewares/ST/threadx/common/src/tx_mutex_create.o
LOAD ./Middlewares/ST/threadx/common/src/tx_mutex_delete.o
LOAD ./Middlewares/ST/threadx/common/src/tx_mutex_get.o
LOAD ./Middlewares/ST/threadx/common/src/tx_mutex_info_get.o
LOAD ./Middlewares/ST/threadx/common/src/tx_mutex_initialize.o
LOAD ./Middlewares/ST/threadx/common/src/tx_mutex_performance_info_get.o
LOAD ./Middlewares/ST/threadx/common/src/tx_mutex_performance_system_info_get.o
LOAD ./Middlewares/ST/threadx/common/src/tx_mutex_prioritize.o
LOAD ./Middlewares/ST/threadx/common/src/tx_mutex_priority_change.o
LOAD ./Middlewares/ST/threadx/common/src/tx_mutex_put.o
LOAD ./Middlewares/ST/threadx/common/src/tx_queue_cleanup.o
LOAD ./Middlewares/ST/threadx/common/src/tx_queue_create.o
LOAD ./Middlewares/ST/threadx/common/src/tx_queue_delete.o
LOAD ./Middlewares/ST/threadx/common/src/tx_queue_flush.o
LOAD ./Middlewares/ST/threadx/common/src/tx_queue_front_send.o
LOAD ./Middlewares/ST/threadx/common/src/tx_queue_info_get.o
LOAD ./Middlewares/ST/threadx/common/src/tx_queue_initialize.o
LOAD ./Middlewares/ST/threadx/common/src/tx_queue_performance_info_get.o
LOAD ./Middlewares/ST/threadx/common/src/tx_queue_performance_system_info_get.o
LOAD ./Middlewares/ST/threadx/common/src/tx_queue_prioritize.o
LOAD ./Middlewares/ST/threadx/common/src/tx_queue_receive.o
LOAD ./Middlewares/ST/threadx/common/src/tx_queue_send.o
LOAD ./Middlewares/ST/threadx/common/src/tx_queue_send_notify.o
LOAD ./Middlewares/ST/threadx/common/src/tx_semaphore_ceiling_put.o
LOAD ./Middlewares/ST/threadx/common/src/tx_semaphore_cleanup.o
LOAD ./Middlewares/ST/threadx/common/src/tx_semaphore_create.o
LOAD ./Middlewares/ST/threadx/common/src/tx_semaphore_delete.o
LOAD ./Middlewares/ST/threadx/common/src/tx_semaphore_get.o
LOAD ./Middlewares/ST/threadx/common/src/tx_semaphore_info_get.o
LOAD ./Middlewares/ST/threadx/common/src/tx_semaphore_initialize.o
LOAD ./Middlewares/ST/threadx/common/src/tx_semaphore_performance_info_get.o
LOAD ./Middlewares/ST/threadx/common/src/tx_semaphore_performance_system_info_get.o
LOAD ./Middlewares/ST/threadx/common/src/tx_semaphore_prioritize.o
LOAD ./Middlewares/ST/threadx/common/src/tx_semaphore_put.o
LOAD ./Middlewares/ST/threadx/common/src/tx_semaphore_put_notify.o
LOAD ./Middlewares/ST/threadx/common/src/tx_thread_create.o
LOAD ./Middlewares/ST/threadx/common/src/tx_thread_delete.o
LOAD ./Middlewares/ST/threadx/common/src/tx_thread_entry_exit_notify.o
LOAD ./Middlewares/ST/threadx/common/src/tx_thread_identify.o
LOAD ./Middlewares/ST/threadx/common/src/tx_thread_info_get.o
LOAD ./Middlewares/ST/threadx/common/src/tx_thread_initialize.o
LOAD ./Middlewares/ST/threadx/common/src/tx_thread_performance_info_get.o
LOAD ./Middlewares/ST/threadx/common/src/tx_thread_performance_system_info_get.o
LOAD ./Middlewares/ST/threadx/common/src/tx_thread_preemption_change.o
LOAD ./Middlewares/ST/threadx/common/src/tx_thread_priority_change.o
LOAD ./Middlewares/ST/threadx/common/src/tx_thread_relinquish.o
LOAD ./Middlewares/ST/threadx/common/src/tx_thread_reset.o
LOAD ./Middlewares/ST/threadx/common/src/tx_thread_resume.o
LOAD ./Middlewares/ST/threadx/common/src/tx_thread_shell_entry.o
LOAD ./Middlewares/ST/threadx/common/src/tx_thread_sleep.o
LOAD ./Middlewares/ST/threadx/common/src/tx_thread_stack_analyze.o
LOAD ./Middlewares/ST/threadx/common/src/tx_thread_stack_error_handler.o
LOAD ./Middlewares/ST/threadx/common/src/tx_thread_stack_error_notify.o
LOAD ./Middlewares/ST/threadx/common/src/tx_thread_suspend.o
LOAD ./Middlewares/ST/threadx/common/src/tx_thread_system_preempt_check.o
LOAD ./Middlewares/ST/threadx/common/src/tx_thread_system_resume.o
LOAD ./Middlewares/ST/threadx/common/src/tx_thread_system_suspend.o
LOAD ./Middlewares/ST/threadx/common/src/tx_thread_terminate.o
LOAD ./Middlewares/ST/threadx/common/src/tx_thread_time_slice.o
LOAD ./Middlewares/ST/threadx/common/src/tx_thread_time_slice_change.o
LOAD ./Middlewares/ST/threadx/common/src/tx_thread_timeout.o
LOAD ./Middlewares/ST/threadx/common/src/tx_thread_wait_abort.o
LOAD ./Middlewares/ST/threadx/common/src/tx_time_get.o
LOAD ./Middlewares/ST/threadx/common/src/tx_time_set.o
LOAD ./Middlewares/ST/threadx/common/src/tx_timer_activate.o
LOAD ./Middlewares/ST/threadx/common/src/tx_timer_change.o
LOAD ./Middlewares/ST/threadx/common/src/tx_timer_create.o
LOAD ./Middlewares/ST/threadx/common/src/tx_timer_deactivate.o
LOAD ./Middlewares/ST/threadx/common/src/tx_timer_delete.o
LOAD ./Middlewares/ST/threadx/common/src/tx_timer_expiration_process.o
LOAD ./Middlewares/ST/threadx/common/src/tx_timer_info_get.o
LOAD ./Middlewares/ST/threadx/common/src/tx_timer_initialize.o
LOAD ./Middlewares/ST/threadx/common/src/tx_timer_performance_info_get.o
LOAD ./Middlewares/ST/threadx/common/src/tx_timer_performance_system_info_get.o
LOAD ./Middlewares/ST/threadx/common/src/tx_timer_system_activate.o
LOAD ./Middlewares/ST/threadx/common/src/tx_timer_system_deactivate.o
LOAD ./Middlewares/ST/threadx/common/src/tx_timer_thread_entry.o
LOAD ./Middlewares/ST/threadx/common/src/tx_trace_buffer_full_notify.o
LOAD ./Middlewares/ST/threadx/common/src/tx_trace_disable.o
LOAD ./Middlewares/ST/threadx/common/src/tx_trace_enable.o
LOAD ./Middlewares/ST/threadx/common/src/tx_trace_event_filter.o
LOAD ./Middlewares/ST/threadx/common/src/tx_trace_event_unfilter.o
LOAD ./Middlewares/ST/threadx/common/src/tx_trace_initialize.o
LOAD ./Middlewares/ST/threadx/common/src/tx_trace_interrupt_control.o
LOAD ./Middlewares/ST/threadx/common/src/tx_trace_isr_enter_insert.o
LOAD ./Middlewares/ST/threadx/common/src/tx_trace_isr_exit_insert.o
LOAD ./Middlewares/ST/threadx/common/src/tx_trace_object_register.o
LOAD ./Middlewares/ST/threadx/common/src/tx_trace_object_unregister.o
LOAD ./Middlewares/ST/threadx/common/src/tx_trace_user_event_insert.o
LOAD ./Middlewares/ST/threadx/common/src/txe_block_allocate.o
LOAD ./Middlewares/ST/threadx/common/src/txe_block_pool_create.o
LOAD ./Middlewares/ST/threadx/common/src/txe_block_pool_delete.o
LOAD ./Middlewares/ST/threadx/common/src/txe_block_pool_info_get.o
LOAD ./Middlewares/ST/threadx/common/src/txe_block_pool_prioritize.o
LOAD ./Middlewares/ST/threadx/common/src/txe_block_release.o
LOAD ./Middlewares/ST/threadx/common/src/txe_byte_allocate.o
LOAD ./Middlewares/ST/threadx/common/src/txe_byte_pool_create.o
LOAD ./Middlewares/ST/threadx/common/src/txe_byte_pool_delete.o
LOAD ./Middlewares/ST/threadx/common/src/txe_byte_pool_info_get.o
LOAD ./Middlewares/ST/threadx/common/src/txe_byte_pool_prioritize.o
LOAD ./Middlewares/ST/threadx/common/src/txe_byte_release.o
LOAD ./Middlewares/ST/threadx/common/src/txe_event_flags_create.o
LOAD ./Middlewares/ST/threadx/common/src/txe_event_flags_delete.o
LOAD ./Middlewares/ST/threadx/common/src/txe_event_flags_get.o
LOAD ./Middlewares/ST/threadx/common/src/txe_event_flags_info_get.o
LOAD ./Middlewares/ST/threadx/common/src/txe_event_flags_set.o
LOAD ./Middlewares/ST/threadx/common/src/txe_event_flags_set_notify.o
LOAD ./Middlewares/ST/threadx/common/src/txe_mutex_create.o
LOAD ./Middlewares/ST/threadx/common/src/txe_mutex_delete.o
LOAD ./Middlewares/ST/threadx/common/src/txe_mutex_get.o
LOAD ./Middlewares/ST/threadx/common/src/txe_mutex_info_get.o
LOAD ./Middlewares/ST/threadx/common/src/txe_mutex_prioritize.o
LOAD ./Middlewares/ST/threadx/common/src/txe_mutex_put.o
LOAD ./Middlewares/ST/threadx/common/src/txe_queue_create.o
LOAD ./Middlewares/ST/threadx/common/src/txe_queue_delete.o
LOAD ./Middlewares/ST/threadx/common/src/txe_queue_flush.o
LOAD ./Middlewares/ST/threadx/common/src/txe_queue_front_send.o
LOAD ./Middlewares/ST/threadx/common/src/txe_queue_info_get.o
LOAD ./Middlewares/ST/threadx/common/src/txe_queue_prioritize.o
LOAD ./Middlewares/ST/threadx/common/src/txe_queue_receive.o
LOAD ./Middlewares/ST/threadx/common/src/txe_queue_send.o
LOAD ./Middlewares/ST/threadx/common/src/txe_queue_send_notify.o
LOAD ./Middlewares/ST/threadx/common/src/txe_semaphore_ceiling_put.o
LOAD ./Middlewares/ST/threadx/common/src/txe_semaphore_create.o
LOAD ./Middlewares/ST/threadx/common/src/txe_semaphore_delete.o
LOAD ./Middlewares/ST/threadx/common/src/txe_semaphore_get.o
LOAD ./Middlewares/ST/threadx/common/src/txe_semaphore_info_get.o
LOAD ./Middlewares/ST/threadx/common/src/txe_semaphore_prioritize.o
LOAD ./Middlewares/ST/threadx/common/src/txe_semaphore_put.o
LOAD ./Middlewares/ST/threadx/common/src/txe_semaphore_put_notify.o
LOAD ./Middlewares/ST/threadx/common/src/txe_thread_create.o
LOAD ./Middlewares/ST/threadx/common/src/txe_thread_delete.o
LOAD ./Middlewares/ST/threadx/common/src/txe_thread_entry_exit_notify.o
LOAD ./Middlewares/ST/threadx/common/src/txe_thread_info_get.o
LOAD ./Middlewares/ST/threadx/common/src/txe_thread_preemption_change.o
LOAD ./Middlewares/ST/threadx/common/src/txe_thread_priority_change.o
LOAD ./Middlewares/ST/threadx/common/src/txe_thread_relinquish.o
LOAD ./Middlewares/ST/threadx/common/src/txe_thread_reset.o
LOAD ./Middlewares/ST/threadx/common/src/txe_thread_resume.o
LOAD ./Middlewares/ST/threadx/common/src/txe_thread_suspend.o
LOAD ./Middlewares/ST/threadx/common/src/txe_thread_terminate.o
LOAD ./Middlewares/ST/threadx/common/src/txe_thread_time_slice_change.o
LOAD ./Middlewares/ST/threadx/common/src/txe_thread_wait_abort.o
LOAD ./Middlewares/ST/threadx/common/src/txe_timer_activate.o
LOAD ./Middlewares/ST/threadx/common/src/txe_timer_change.o
LOAD ./Middlewares/ST/threadx/common/src/txe_timer_create.o
LOAD ./Middlewares/ST/threadx/common/src/txe_timer_deactivate.o
LOAD ./Middlewares/ST/threadx/common/src/txe_timer_delete.o
LOAD ./Middlewares/ST/threadx/common/src/txe_timer_info_get.o
LOAD ./Middlewares/ST/threadx/ports/cortex_m7/gnu/src/tx_thread_context_restore.o
LOAD ./Middlewares/ST/threadx/ports/cortex_m7/gnu/src/tx_thread_context_save.o
LOAD ./Middlewares/ST/threadx/ports/cortex_m7/gnu/src/tx_thread_interrupt_control.o
LOAD ./Middlewares/ST/threadx/ports/cortex_m7/gnu/src/tx_thread_interrupt_disable.o
LOAD ./Middlewares/ST/threadx/ports/cortex_m7/gnu/src/tx_thread_interrupt_restore.o
LOAD ./Middlewares/ST/threadx/ports/cortex_m7/gnu/src/tx_thread_schedule.o
LOAD ./Middlewares/ST/threadx/ports/cortex_m7/gnu/src/tx_thread_stack_build.o
LOAD ./Middlewares/ST/threadx/ports/cortex_m7/gnu/src/tx_thread_system_return.o
LOAD ./Middlewares/ST/threadx/ports/cortex_m7/gnu/src/tx_timer_interrupt.o
LOAD ./Middlewares/ST/threadx/utility/low_power/tx_low_power.o
START GROUP
LOAD e:/stm32/stm32cubeide_1.11.0/stm32cubeide/plugins/com.st.stm32cube.ide.mcu.externaltools.gnu-tools-for-stm32.10.3-2021.10.win32_1.0.100.202210260954/tools/bin/../lib/gcc/arm-none-eabi/10.3.1/../../../../arm-none-eabi/lib/thumb/v7e-m+dp/hard\libc_nano.a
LOAD e:/stm32/stm32cubeide_1.11.0/stm32cubeide/plugins/com.st.stm32cube.ide.mcu.externaltools.gnu-tools-for-stm32.10.3-2021.10.win32_1.0.100.202210260954/tools/bin/../lib/gcc/arm-none-eabi/10.3.1/../../../../arm-none-eabi/lib/thumb/v7e-m+dp/hard\libm.a
END GROUP
START GROUP
LOAD e:/stm32/stm32cubeide_1.11.0/stm32cubeide/plugins/com.st.stm32cube.ide.mcu.externaltools.gnu-tools-for-stm32.10.3-2021.10.win32_1.0.100.202210260954/tools/bin/../lib/gcc/arm-none-eabi/10.3.1/thumb/v7e-m+dp/hard\libgcc.a
LOAD e:/stm32/stm32cubeide_1.11.0/stm32cubeide/plugins/com.st.stm32cube.ide.mcu.externaltools.gnu-tools-for-stm32.10.3-2021.10.win32_1.0.100.202210260954/tools/bin/../lib/gcc/arm-none-eabi/10.3.1/../../../../arm-none-eabi/lib/thumb/v7e-m+dp/hard\libc_nano.a
END GROUP
START GROUP
LOAD e:/stm32/stm32cubeide_1.11.0/stm32cubeide/plugins/com.st.stm32cube.ide.mcu.externaltools.gnu-tools-for-stm32.10.3-2021.10.win32_1.0.100.202210260954/tools/bin/../lib/gcc/arm-none-eabi/10.3.1/thumb/v7e-m+dp/hard\libgcc.a
LOAD e:/stm32/stm32cubeide_1.11.0/stm32cubeide/plugins/com.st.stm32cube.ide.mcu.externaltools.gnu-tools-for-stm32.10.3-2021.10.win32_1.0.100.202210260954/tools/bin/../lib/gcc/arm-none-eabi/10.3.1/../../../../arm-none-eabi/lib/thumb/v7e-m+dp/hard\libc_nano.a
LOAD e:/stm32/stm32cubeide_1.11.0/stm32cubeide/plugins/com.st.stm32cube.ide.mcu.externaltools.gnu-tools-for-stm32.10.3-2021.10.win32_1.0.100.202210260954/tools/bin/../lib/gcc/arm-none-eabi/10.3.1/../../../../arm-none-eabi/lib/thumb/v7e-m+dp/hard\libnosys.a
END GROUP
START GROUP
LOAD e:/stm32/stm32cubeide_1.11.0/stm32cubeide/plugins/com.st.stm32cube.ide.mcu.externaltools.gnu-tools-for-stm32.10.3-2021.10.win32_1.0.100.202210260954/tools/bin/../lib/gcc/arm-none-eabi/10.3.1/thumb/v7e-m+dp/hard\libgcc.a
LOAD e:/stm32/stm32cubeide_1.11.0/stm32cubeide/plugins/com.st.stm32cube.ide.mcu.externaltools.gnu-tools-for-stm32.10.3-2021.10.win32_1.0.100.202210260954/tools/bin/../lib/gcc/arm-none-eabi/10.3.1/../../../../arm-none-eabi/lib/thumb/v7e-m+dp/hard\libc_nano.a
LOAD e:/stm32/stm32cubeide_1.11.0/stm32cubeide/plugins/com.st.stm32cube.ide.mcu.externaltools.gnu-tools-for-stm32.10.3-2021.10.win32_1.0.100.202210260954/tools/bin/../lib/gcc/arm-none-eabi/10.3.1/../../../../arm-none-eabi/lib/thumb/v7e-m+dp/hard\libnosys.a
END GROUP
LOAD e:/stm32/stm32cubeide_1.11.0/stm32cubeide/plugins/com.st.stm32cube.ide.mcu.externaltools.gnu-tools-for-stm32.10.3-2021.10.win32_1.0.100.202210260954/tools/bin/../lib/gcc/arm-none-eabi/10.3.1/thumb/v7e-m+dp/hard/crtend.o
LOAD e:/stm32/stm32cubeide_1.11.0/stm32cubeide/plugins/com.st.stm32cube.ide.mcu.externaltools.gnu-tools-for-stm32.10.3-2021.10.win32_1.0.100.202210260954/tools/bin/../lib/gcc/arm-none-eabi/10.3.1/thumb/v7e-m+dp/hard/crtn.o
                0x0000000020020000                _estack = (ORIGIN (DTCMRAM) + LENGTH (DTCMRAM))
                0x0000000000000200                _Min_Heap_Size = 0x200
                0x0000000000000400                _Min_Stack_Size = 0x400

.isr_vector     0x0000000008000000      0x2cc
                0x0000000008000000                . = ALIGN (0x4)
 *(.isr_vector)
 .isr_vector    0x0000000008000000      0x2cc ./Core/Startup/startup_stm32h723zgtx.o
                0x0000000008000000                g_pfnVectors
                0x00000000080002cc                . = ALIGN (0x4)

.text           0x00000000080002d0     0x6538
                0x00000000080002d0                . = ALIGN (0x4)
 *(.text)
 .text          0x00000000080002d0       0x40 e:/stm32/stm32cubeide_1.11.0/stm32cubeide/plugins/com.st.stm32cube.ide.mcu.externaltools.gnu-tools-for-stm32.10.3-2021.10.win32_1.0.100.202210260954/tools/bin/../lib/gcc/arm-none-eabi/10.3.1/thumb/v7e-m+dp/hard/crtbegin.o
 .text          0x0000000008000310       0x94 ./Core/Src/tx_initialize_low_level.o
                0x0000000008000310                _tx_initialize_low_level
                0x000000000800035e                __tx_BadHandler
                0x0000000008000362                __tx_HardfaultHandler
                0x0000000008000366                __tx_SVCallHandler
                0x000000000800036a                __tx_IntHandler
                0x0000000008000372                __tx_SysTickHandler
                0x0000000008000372                SysTick_Handler
                0x000000000800037e                __tx_NMIHandler
                0x0000000008000382                __tx_DBGHandler
 *fill*         0x00000000080003a4        0xc 
 .text          0x00000000080003b0       0xd0 ./Middlewares/ST/threadx/ports/cortex_m7/gnu/src/tx_thread_schedule.o
                0x00000000080003b0                _tx_thread_schedule
                0x00000000080003dc                PendSV_Handler
                0x00000000080003dc                __tx_PendSVHandler
                0x000000000800046e                tx_thread_fpu_disable
                0x000000000800046e                tx_thread_fpu_enable
 .text          0x0000000008000480       0x40 ./Middlewares/ST/threadx/ports/cortex_m7/gnu/src/tx_thread_stack_build.o
                0x0000000008000480                _tx_thread_stack_build
 .text          0x00000000080004c0       0xb8 ./Middlewares/ST/threadx/ports/cortex_m7/gnu/src/tx_timer_interrupt.o
                0x00000000080004c0                _tx_timer_interrupt
 *fill*         0x0000000008000578        0x8 
 .text          0x0000000008000580       0xa0 e:/stm32/stm32cubeide_1.11.0/stm32cubeide/plugins/com.st.stm32cube.ide.mcu.externaltools.gnu-tools-for-stm32.10.3-2021.10.win32_1.0.100.202210260954/tools/bin/../lib/gcc/arm-none-eabi/10.3.1/../../../../arm-none-eabi/lib/thumb/v7e-m+dp/hard\libc_nano.a(lib_a-memchr.o)
                0x0000000008000580                memchr
 .text          0x0000000008000620       0x30 e:/stm32/stm32cubeide_1.11.0/stm32cubeide/plugins/com.st.stm32cube.ide.mcu.externaltools.gnu-tools-for-stm32.10.3-2021.10.win32_1.0.100.202210260954/tools/bin/../lib/gcc/arm-none-eabi/10.3.1/thumb/v7e-m+dp/hard\libgcc.a(_aeabi_uldivmod.o)
                0x0000000008000620                __aeabi_uldivmod
 .text          0x0000000008000650      0x2d0 e:/stm32/stm32cubeide_1.11.0/stm32cubeide/plugins/com.st.stm32cube.ide.mcu.externaltools.gnu-tools-for-stm32.10.3-2021.10.win32_1.0.100.202210260954/tools/bin/../lib/gcc/arm-none-eabi/10.3.1/thumb/v7e-m+dp/hard\libgcc.a(_udivmoddi4.o)
                0x0000000008000650                __udivmoddi4
 .text          0x0000000008000920        0x4 e:/stm32/stm32cubeide_1.11.0/stm32cubeide/plugins/com.st.stm32cube.ide.mcu.externaltools.gnu-tools-for-stm32.10.3-2021.10.win32_1.0.100.202210260954/tools/bin/../lib/gcc/arm-none-eabi/10.3.1/thumb/v7e-m+dp/hard\libgcc.a(_dvmd_tls.o)
                0x0000000008000920                __aeabi_idiv0
                0x0000000008000920                __aeabi_ldiv0
 *(.text*)
 .text.tx_application_define
                0x0000000008000924       0x34 ./AZURE_RTOS/App/app_azure_rtos.o
                0x0000000008000924                tx_application_define
 .text.App_ThreadX_Init
                0x0000000008000958        0x4 ./Core/Src/app_threadx.o
                0x0000000008000958                App_ThreadX_Init
 .text._write   0x000000000800095c       0x18 ./Core/Src/main.o
                0x000000000800095c                _write
 .text.SystemClock_Config
                0x0000000008000974       0xa8 ./Core/Src/main.o
                0x0000000008000974                SystemClock_Config
 .text.startup.main
                0x0000000008000a1c      0x3a4 ./Core/Src/main.o
                0x0000000008000a1c                main
 .text.Error_Handler
                0x0000000008000dc0        0x4 ./Core/Src/main.o
                0x0000000008000dc0                Error_Handler
 .text.HAL_MspInit
                0x0000000008000dc4       0x24 ./Core/Src/stm32h7xx_hal_msp.o
                0x0000000008000dc4                HAL_MspInit
 .text.HAL_ETH_MspInit
                0x0000000008000de8      0x134 ./Core/Src/stm32h7xx_hal_msp.o
                0x0000000008000de8                HAL_ETH_MspInit
 .text.HAL_TIM_Base_MspInit
                0x0000000008000f1c       0x30 ./Core/Src/stm32h7xx_hal_msp.o
                0x0000000008000f1c                HAL_TIM_Base_MspInit
 .text.HAL_UART_MspInit
                0x0000000008000f4c      0x1ac ./Core/Src/stm32h7xx_hal_msp.o
                0x0000000008000f4c                HAL_UART_MspInit
 .text.NMI_Handler
                0x00000000080010f8        0x2 ./Core/Src/stm32h7xx_it.o
                0x00000000080010f8                NMI_Handler
 .text.HardFault_Handler
                0x00000000080010fa        0x2 ./Core/Src/stm32h7xx_it.o
                0x00000000080010fa                HardFault_Handler
 .text.MemManage_Handler
                0x00000000080010fc        0x2 ./Core/Src/stm32h7xx_it.o
                0x00000000080010fc                MemManage_Handler
 .text.BusFault_Handler
                0x00000000080010fe        0x2 ./Core/Src/stm32h7xx_it.o
                0x00000000080010fe                BusFault_Handler
 .text.UsageFault_Handler
                0x0000000008001100        0x2 ./Core/Src/stm32h7xx_it.o
                0x0000000008001100                UsageFault_Handler
 .text.DebugMon_Handler
                0x0000000008001102        0x2 ./Core/Src/stm32h7xx_it.o
                0x0000000008001102                DebugMon_Handler
 .text._read    0x0000000008001104       0x1c ./Core/Src/syscalls.o
                0x0000000008001104                _read
 .text._close   0x0000000008001120        0x6 ./Core/Src/syscalls.o
                0x0000000008001120                _close
 .text._fstat   0x0000000008001126        0xa ./Core/Src/syscalls.o
                0x0000000008001126                _fstat
 .text._isatty  0x0000000008001130        0x4 ./Core/Src/syscalls.o
                0x0000000008001130                _isatty
 .text._lseek   0x0000000008001134        0x4 ./Core/Src/syscalls.o
                0x0000000008001134                _lseek
 .text._sbrk    0x0000000008001138       0x40 ./Core/Src/sysmem.o
                0x0000000008001138                _sbrk
 .text.SystemInit
                0x0000000008001178       0xa4 ./Core/Src/system_stm32h7xx.o
                0x0000000008001178                SystemInit
 .text.tm_initialize
                0x000000000800121c        0xc ./Core/Src/tm_porting_layer.o
                0x000000000800121c                tm_initialize
 .text.tm_thread_create
                0x0000000008001228       0x54 ./Core/Src/tm_porting_layer.o
                0x0000000008001228                tm_thread_create
 .text.tm_thread_resume
                0x000000000800127c       0x18 ./Core/Src/tm_porting_layer.o
                0x000000000800127c                tm_thread_resume
 .text.tm_thread_sleep
                0x0000000008001294        0x8 ./Core/Src/tm_porting_layer.o
                0x0000000008001294                tm_thread_sleep
 .text.tm_semaphore_create
                0x000000000800129c       0x40 ./Core/Src/tm_porting_layer.o
                0x000000000800129c                tm_semaphore_create
 .text.tm_semaphore_get
                0x00000000080012dc       0x1c ./Core/Src/tm_porting_layer.o
                0x00000000080012dc                tm_semaphore_get
 .text.tm_semaphore_put
                0x00000000080012f8       0x18 ./Core/Src/tm_porting_layer.o
                0x00000000080012f8                tm_semaphore_put
 .text.tm_synchronization_processing_initialize
                0x0000000008001310       0x34 ./Core/Src/tm_synchronization_processing_test.o
                0x0000000008001310                tm_synchronization_processing_initialize
 .text.tm_synchronization_processing_thread_0_entry
                0x0000000008001344       0x20 ./Core/Src/tm_synchronization_processing_test.o
                0x0000000008001344                tm_synchronization_processing_thread_0_entry
 .text.tm_synchronization_processing_thread_report
                0x0000000008001364       0x50 ./Core/Src/tm_synchronization_processing_test.o
                0x0000000008001364                tm_synchronization_processing_thread_report
 .text.tm_main  0x00000000080013b4        0xc ./Core/Src/tm_synchronization_processing_test.o
                0x00000000080013b4                tm_main
 .text.Reset_Handler
                0x00000000080013c0       0x50 ./Core/Startup/startup_stm32h723zgtx.o
                0x00000000080013c0                Reset_Handler
 .text.Default_Handler
                0x0000000008001410        0x2 ./Core/Startup/startup_stm32h723zgtx.o
                0x0000000008001410                RTC_Alarm_IRQHandler
                0x0000000008001410                EXTI2_IRQHandler
                0x0000000008001410                TIM8_CC_IRQHandler
                0x0000000008001410                UART8_IRQHandler
                0x0000000008001410                SPI4_IRQHandler
                0x0000000008001410                FDCAN3_IT0_IRQHandler
                0x0000000008001410                TIM1_CC_IRQHandler
                0x0000000008001410                BDMA_Channel6_IRQHandler
                0x0000000008001410                DMA2_Stream5_IRQHandler
                0x0000000008001410                DMA1_Stream5_IRQHandler
                0x0000000008001410                CORDIC_IRQHandler
                0x0000000008001410                BDMA_Channel1_IRQHandler
                0x0000000008001410                TAMP_STAMP_IRQHandler
                0x0000000008001410                EXTI3_IRQHandler
                0x0000000008001410                LPTIM4_IRQHandler
                0x0000000008001410                TIM8_TRG_COM_TIM14_IRQHandler
                0x0000000008001410                LPTIM2_IRQHandler
                0x0000000008001410                DFSDM1_FLT1_IRQHandler
                0x0000000008001410                DMAMUX2_OVR_IRQHandler
                0x0000000008001410                TIM8_UP_TIM13_IRQHandler
                0x0000000008001410                I2C3_ER_IRQHandler
                0x0000000008001410                DFSDM1_FLT2_IRQHandler
                0x0000000008001410                I2C5_EV_IRQHandler
                0x0000000008001410                USART10_IRQHandler
                0x0000000008001410                MDMA_IRQHandler
                0x0000000008001410                LPTIM3_IRQHandler
                0x0000000008001410                HSEM1_IRQHandler
                0x0000000008001410                EXTI0_IRQHandler
                0x0000000008001410                I2C2_EV_IRQHandler
                0x0000000008001410                DMA1_Stream2_IRQHandler
                0x0000000008001410                FPU_IRQHandler
                0x0000000008001410                OTG_HS_WKUP_IRQHandler
                0x0000000008001410                FDCAN1_IT1_IRQHandler
                0x0000000008001410                LTDC_ER_IRQHandler
                0x0000000008001410                DMA2_Stream2_IRQHandler
                0x0000000008001410                SPI1_IRQHandler
                0x0000000008001410                OCTOSPI1_IRQHandler
                0x0000000008001410                TIM6_DAC_IRQHandler
                0x0000000008001410                DMA2_Stream3_IRQHandler
                0x0000000008001410                OCTOSPI2_IRQHandler
                0x0000000008001410                DFSDM1_FLT3_IRQHandler
                0x0000000008001410                TIM23_IRQHandler
                0x0000000008001410                USART6_IRQHandler
                0x0000000008001410                TIM17_IRQHandler
                0x0000000008001410                USART3_IRQHandler
                0x0000000008001410                BDMA_Channel7_IRQHandler
                0x0000000008001410                LPTIM5_IRQHandler
                0x0000000008001410                UART5_IRQHandler
                0x0000000008001410                ADC3_IRQHandler
                0x0000000008001410                DMA2_Stream0_IRQHandler
                0x0000000008001410                TIM4_IRQHandler
                0x0000000008001410                BDMA_Channel2_IRQHandler
                0x0000000008001410                I2C1_EV_IRQHandler
                0x0000000008001410                DMA1_Stream6_IRQHandler
                0x0000000008001410                DMAMUX1_OVR_IRQHandler
                0x0000000008001410                DMA1_Stream1_IRQHandler
                0x0000000008001410                TIM16_IRQHandler
                0x0000000008001410                UART4_IRQHandler
                0x0000000008001410                BDMA_Channel5_IRQHandler
                0x0000000008001410                TIM3_IRQHandler
                0x0000000008001410                RCC_IRQHandler
                0x0000000008001410                UART9_IRQHandler
                0x0000000008001410                TIM8_BRK_TIM12_IRQHandler
                0x0000000008001410                TIM1_TRG_COM_IRQHandler
                0x0000000008001410                Default_Handler
                0x0000000008001410                ECC_IRQHandler
                0x0000000008001410                FMAC_IRQHandler
                0x0000000008001410                CEC_IRQHandler
                0x0000000008001410                EXTI15_10_IRQHandler
                0x0000000008001410                BDMA_Channel0_IRQHandler
                0x0000000008001410                ADC_IRQHandler
                0x0000000008001410                I2C5_ER_IRQHandler
                0x0000000008001410                DMA1_Stream7_IRQHandler
                0x0000000008001410                SPI5_IRQHandler
                0x0000000008001410                TIM7_IRQHandler
                0x0000000008001410                FDCAN3_IT1_IRQHandler
                0x0000000008001410                SDMMC1_IRQHandler
                0x0000000008001410                TIM5_IRQHandler
                0x0000000008001410                DMA2_Stream7_IRQHandler
                0x0000000008001410                TIM15_IRQHandler
                0x0000000008001410                PVD_AVD_IRQHandler
                0x0000000008001410                I2C3_EV_IRQHandler
                0x0000000008001410                EXTI9_5_IRQHandler
                0x0000000008001410                RTC_WKUP_IRQHandler
                0x0000000008001410                LTDC_IRQHandler
                0x0000000008001410                ETH_WKUP_IRQHandler
                0x0000000008001410                SPDIF_RX_IRQHandler
                0x0000000008001410                SPI2_IRQHandler
                0x0000000008001410                OTG_HS_EP1_IN_IRQHandler
                0x0000000008001410                DMA1_Stream0_IRQHandler
                0x0000000008001410                TIM24_IRQHandler
                0x0000000008001410                SVC_Handler
                0x0000000008001410                CRS_IRQHandler
                0x0000000008001410                EXTI4_IRQHandler
                0x0000000008001410                RNG_IRQHandler
                0x0000000008001410                FDCAN2_IT1_IRQHandler
                0x0000000008001410                ETH_IRQHandler
                0x0000000008001410                TIM1_UP_IRQHandler
                0x0000000008001410                BDMA_Channel4_IRQHandler
                0x0000000008001410                OTG_HS_EP1_OUT_IRQHandler
                0x0000000008001410                WWDG_IRQHandler
                0x0000000008001410                SPI6_IRQHandler
                0x0000000008001410                MDIOS_IRQHandler
                0x0000000008001410                I2C4_EV_IRQHandler
                0x0000000008001410                FDCAN2_IT0_IRQHandler
                0x0000000008001410                LPUART1_IRQHandler
                0x0000000008001410                FDCAN1_IT0_IRQHandler
                0x0000000008001410                TIM2_IRQHandler
                0x0000000008001410                OTG_HS_IRQHandler
                0x0000000008001410                DMA2D_IRQHandler
                0x0000000008001410                TIM1_BRK_IRQHandler
                0x0000000008001410                EXTI1_IRQHandler
                0x0000000008001410                SDMMC2_IRQHandler
                0x0000000008001410                BDMA_Channel3_IRQHandler
                0x0000000008001410                DTS_IRQHandler
                0x0000000008001410                UART7_IRQHandler
                0x0000000008001410                MDIOS_WKUP_IRQHandler
                0x0000000008001410                USART2_IRQHandler
                0x0000000008001410                DFSDM1_FLT0_IRQHandler
                0x0000000008001410                SAI4_IRQHandler
                0x0000000008001410                I2C2_ER_IRQHandler
                0x0000000008001410                DMA2_Stream1_IRQHandler
                0x0000000008001410                FLASH_IRQHandler
                0x0000000008001410                DMA2_Stream4_IRQHandler
                0x0000000008001410                USART1_IRQHandler
                0x0000000008001410                SPI3_IRQHandler
                0x0000000008001410                WAKEUP_PIN_IRQHandler
                0x0000000008001410                DMA1_Stream4_IRQHandler
                0x0000000008001410                I2C1_ER_IRQHandler
                0x0000000008001410                FMC_IRQHandler
                0x0000000008001410                FDCAN_CAL_IRQHandler
                0x0000000008001410                SWPMI1_IRQHandler
                0x0000000008001410                COMP1_IRQHandler
                0x0000000008001410                LPTIM1_IRQHandler
                0x0000000008001410                DCMI_PSSI_IRQHandler
                0x0000000008001410                I2C4_ER_IRQHandler
                0x0000000008001410                DMA2_Stream6_IRQHandler
                0x0000000008001410                SAI1_IRQHandler
                0x0000000008001410                DMA1_Stream3_IRQHandler
 *fill*         0x0000000008001412        0x2 
 .text.HAL_InitTick
                0x0000000008001414       0x4c ./Drivers/STM32H7xx_HAL_Driver/Src/stm32h7xx_hal.o
                0x0000000008001414                HAL_InitTick
 .text.HAL_Init
                0x0000000008001460       0x5c ./Drivers/STM32H7xx_HAL_Driver/Src/stm32h7xx_hal.o
                0x0000000008001460                HAL_Init
 .text.HAL_GetTick
                0x00000000080014bc        0xc ./Drivers/STM32H7xx_HAL_Driver/Src/stm32h7xx_hal.o
                0x00000000080014bc                HAL_GetTick
 .text.HAL_SYSCFG_ETHInterfaceSelect
                0x00000000080014c8       0x14 ./Drivers/STM32H7xx_HAL_Driver/Src/stm32h7xx_hal.o
                0x00000000080014c8                HAL_SYSCFG_ETHInterfaceSelect
 .text.HAL_NVIC_SetPriorityGrouping
                0x00000000080014dc       0x24 ./Drivers/STM32H7xx_HAL_Driver/Src/stm32h7xx_hal_cortex.o
                0x00000000080014dc                HAL_NVIC_SetPriorityGrouping
 .text.HAL_NVIC_SetPriority
                0x0000000008001500       0x64 ./Drivers/STM32H7xx_HAL_Driver/Src/stm32h7xx_hal_cortex.o
                0x0000000008001500                HAL_NVIC_SetPriority
 .text.HAL_SYSTICK_Config
                0x0000000008001564       0x28 ./Drivers/STM32H7xx_HAL_Driver/Src/stm32h7xx_hal_cortex.o
                0x0000000008001564                HAL_SYSTICK_Config
 .text.HAL_MPU_Disable
                0x000000000800158c       0x1c ./Drivers/STM32H7xx_HAL_Driver/Src/stm32h7xx_hal_cortex.o
                0x000000000800158c                HAL_MPU_Disable
 .text.HAL_MPU_Enable
                0x00000000080015a8       0x20 ./Drivers/STM32H7xx_HAL_Driver/Src/stm32h7xx_hal_cortex.o
                0x00000000080015a8                HAL_MPU_Enable
 .text.HAL_MPU_ConfigRegion
                0x00000000080015c8       0x58 ./Drivers/STM32H7xx_HAL_Driver/Src/stm32h7xx_hal_cortex.o
                0x00000000080015c8                HAL_MPU_ConfigRegion
 .text.ETH_SetMACConfig
                0x0000000008001620      0x1b2 ./Drivers/STM32H7xx_HAL_Driver/Src/stm32h7xx_hal_eth.o
 *fill*         0x00000000080017d2        0x2 
 .text.ETH_SetDMAConfig
                0x00000000080017d4       0x8c ./Drivers/STM32H7xx_HAL_Driver/Src/stm32h7xx_hal_eth.o
 .text.HAL_ETH_SetMDIOClockRange
                0x0000000008001860       0x78 ./Drivers/STM32H7xx_HAL_Driver/Src/stm32h7xx_hal_eth.o
                0x0000000008001860                HAL_ETH_SetMDIOClockRange
 .text.HAL_ETH_Init
                0x00000000080018d8      0x220 ./Drivers/STM32H7xx_HAL_Driver/Src/stm32h7xx_hal_eth.o
                0x00000000080018d8                HAL_ETH_Init
 .text.HAL_GPIO_Init
                0x0000000008001af8      0x1cc ./Drivers/STM32H7xx_HAL_Driver/Src/stm32h7xx_hal_gpio.o
                0x0000000008001af8                HAL_GPIO_Init
 .text.HAL_GPIO_WritePin
                0x0000000008001cc4        0xa ./Drivers/STM32H7xx_HAL_Driver/Src/stm32h7xx_hal_gpio.o
                0x0000000008001cc4                HAL_GPIO_WritePin
 *fill*         0x0000000008001cce        0x2 
 .text.HAL_PWREx_ConfigSupply
                0x0000000008001cd0       0x48 ./Drivers/STM32H7xx_HAL_Driver/Src/stm32h7xx_hal_pwr_ex.o
                0x0000000008001cd0                HAL_PWREx_ConfigSupply
 .text.HAL_RCC_OscConfig
                0x0000000008001d18      0x500 ./Drivers/STM32H7xx_HAL_Driver/Src/stm32h7xx_hal_rcc.o
                0x0000000008001d18                HAL_RCC_OscConfig
 .text.HAL_RCC_GetSysClockFreq
                0x0000000008002218      0x140 ./Drivers/STM32H7xx_HAL_Driver/Src/stm32h7xx_hal_rcc.o
                0x0000000008002218                HAL_RCC_GetSysClockFreq
 .text.HAL_RCC_ClockConfig
                0x0000000008002358      0x24c ./Drivers/STM32H7xx_HAL_Driver/Src/stm32h7xx_hal_rcc.o
                0x0000000008002358                HAL_RCC_ClockConfig
 .text.HAL_RCC_GetHCLKFreq
                0x00000000080025a4       0x44 ./Drivers/STM32H7xx_HAL_Driver/Src/stm32h7xx_hal_rcc.o
                0x00000000080025a4                HAL_RCC_GetHCLKFreq
 .text.HAL_RCC_GetPCLK1Freq
                0x00000000080025e8       0x24 ./Drivers/STM32H7xx_HAL_Driver/Src/stm32h7xx_hal_rcc.o
                0x00000000080025e8                HAL_RCC_GetPCLK1Freq
 .text.HAL_RCC_GetPCLK2Freq
                0x000000000800260c       0x24 ./Drivers/STM32H7xx_HAL_Driver/Src/stm32h7xx_hal_rcc.o
                0x000000000800260c                HAL_RCC_GetPCLK2Freq
 .text.RCCEx_PLL2_Config
                0x0000000008002630       0xf0 ./Drivers/STM32H7xx_HAL_Driver/Src/stm32h7xx_hal_rcc_ex.o
 .text.RCCEx_PLL3_Config
                0x0000000008002720       0xf0 ./Drivers/STM32H7xx_HAL_Driver/Src/stm32h7xx_hal_rcc_ex.o
 .text.HAL_RCCEx_PeriphCLKConfig
                0x0000000008002810      0x9a0 ./Drivers/STM32H7xx_HAL_Driver/Src/stm32h7xx_hal_rcc_ex.o
                0x0000000008002810                HAL_RCCEx_PeriphCLKConfig
 .text.HAL_RCCEx_GetD3PCLK1Freq
                0x00000000080031b0       0x24 ./Drivers/STM32H7xx_HAL_Driver/Src/stm32h7xx_hal_rcc_ex.o
                0x00000000080031b0                HAL_RCCEx_GetD3PCLK1Freq
 .text.HAL_RCCEx_GetPLL2ClockFreq
                0x00000000080031d4      0x150 ./Drivers/STM32H7xx_HAL_Driver/Src/stm32h7xx_hal_rcc_ex.o
                0x00000000080031d4                HAL_RCCEx_GetPLL2ClockFreq
 .text.HAL_RCCEx_GetPLL3ClockFreq
                0x0000000008003324      0x150 ./Drivers/STM32H7xx_HAL_Driver/Src/stm32h7xx_hal_rcc_ex.o
                0x0000000008003324                HAL_RCCEx_GetPLL3ClockFreq
 .text.TIM_Base_SetConfig
                0x0000000008003474       0xdc ./Drivers/STM32H7xx_HAL_Driver/Src/stm32h7xx_hal_tim.o
                0x0000000008003474                TIM_Base_SetConfig
 .text.HAL_TIM_Base_Init
                0x0000000008003550       0x60 ./Drivers/STM32H7xx_HAL_Driver/Src/stm32h7xx_hal_tim.o
                0x0000000008003550                HAL_TIM_Base_Init
 .text.HAL_TIMEx_MasterConfigSynchronization
                0x00000000080035b0       0xa4 ./Drivers/STM32H7xx_HAL_Driver/Src/stm32h7xx_hal_tim_ex.o
                0x00000000080035b0                HAL_TIMEx_MasterConfigSynchronization
 .text.UART_EndRxTransfer
                0x0000000008003654       0x58 ./Drivers/STM32H7xx_HAL_Driver/Src/stm32h7xx_hal_uart.o
 .text.UART_SetConfig
                0x00000000080036ac      0x3d0 ./Drivers/STM32H7xx_HAL_Driver/Src/stm32h7xx_hal_uart.o
                0x00000000080036ac                UART_SetConfig
 .text.UART_AdvFeatureConfig
                0x0000000008003a7c       0xaa ./Drivers/STM32H7xx_HAL_Driver/Src/stm32h7xx_hal_uart.o
                0x0000000008003a7c                UART_AdvFeatureConfig
 .text.UART_WaitOnFlagUntilTimeout
                0x0000000008003b26       0x88 ./Drivers/STM32H7xx_HAL_Driver/Src/stm32h7xx_hal_uart.o
                0x0000000008003b26                UART_WaitOnFlagUntilTimeout
 .text.HAL_UART_Transmit
                0x0000000008003bae       0xac ./Drivers/STM32H7xx_HAL_Driver/Src/stm32h7xx_hal_uart.o
                0x0000000008003bae                HAL_UART_Transmit
 .text.UART_CheckIdleState
                0x0000000008003c5a       0xba ./Drivers/STM32H7xx_HAL_Driver/Src/stm32h7xx_hal_uart.o
                0x0000000008003c5a                UART_CheckIdleState
 .text.HAL_UART_Init
                0x0000000008003d14       0x60 ./Drivers/STM32H7xx_HAL_Driver/Src/stm32h7xx_hal_uart.o
                0x0000000008003d14                HAL_UART_Init
 .text.UARTEx_SetNbDataToProcess
                0x0000000008003d74       0x44 ./Drivers/STM32H7xx_HAL_Driver/Src/stm32h7xx_hal_uart_ex.o
 .text.HAL_UARTEx_DisableFifoMode
                0x0000000008003db8       0x36 ./Drivers/STM32H7xx_HAL_Driver/Src/stm32h7xx_hal_uart_ex.o
                0x0000000008003db8                HAL_UARTEx_DisableFifoMode
 .text.HAL_UARTEx_SetTxFifoThreshold
                0x0000000008003dee       0x48 ./Drivers/STM32H7xx_HAL_Driver/Src/stm32h7xx_hal_uart_ex.o
                0x0000000008003dee                HAL_UARTEx_SetTxFifoThreshold
 .text.HAL_UARTEx_SetRxFifoThreshold
                0x0000000008003e36       0x48 ./Drivers/STM32H7xx_HAL_Driver/Src/stm32h7xx_hal_uart_ex.o
                0x0000000008003e36                HAL_UARTEx_SetRxFifoThreshold
 .text.MemFree  0x0000000008003e7e       0x18 ./Middlewares/ST/cmsis_os2.o
 *fill*         0x0000000008003e96        0x2 
 .text.MemAlloc
                0x0000000008003e98       0x38 ./Middlewares/ST/cmsis_os2.o
 .text.osKernelInitialize
                0x0000000008003ed0       0x70 ./Middlewares/ST/cmsis_os2.o
                0x0000000008003ed0                osKernelInitialize
 .text.osKernelStart
                0x0000000008003f40       0x2c ./Middlewares/ST/cmsis_os2.o
                0x0000000008003f40                osKernelStart
 .text.osDelay  0x0000000008003f6c       0x18 ./Middlewares/ST/cmsis_os2.o
                0x0000000008003f6c                osDelay
 .text.osThreadNew
                0x0000000008003f84      0x102 ./Middlewares/ST/cmsis_os2.o
                0x0000000008003f84                osThreadNew
 *fill*         0x0000000008004086        0x2 
 .text.osThreadSuspend
                0x0000000008004088       0x34 ./Middlewares/ST/cmsis_os2.o
                0x0000000008004088                osThreadSuspend
 .text.osThreadResume
                0x00000000080040bc       0x34 ./Middlewares/ST/cmsis_os2.o
                0x00000000080040bc                osThreadResume
 .text.osSemaphoreNew
                0x00000000080040f0       0x5e ./Middlewares/ST/cmsis_os2.o
                0x00000000080040f0                osSemaphoreNew
 *fill*         0x000000000800414e        0x2 
 .text.osSemaphoreAcquire
                0x0000000008004150       0x34 ./Middlewares/ST/cmsis_os2.o
                0x0000000008004150                osSemaphoreAcquire
 .text.osSemaphoreRelease
                0x0000000008004184       0x28 ./Middlewares/ST/cmsis_os2.o
                0x0000000008004184                osSemaphoreRelease
 .text._tx_byte_allocate
                0x00000000080041ac       0xb4 ./Middlewares/ST/threadx/common/src/tx_byte_allocate.o
                0x00000000080041ac                _tx_byte_allocate
 .text._tx_byte_pool_cleanup
                0x0000000008004260       0x78 ./Middlewares/ST/threadx/common/src/tx_byte_pool_cleanup.o
                0x0000000008004260                _tx_byte_pool_cleanup
 .text._tx_byte_pool_create
                0x00000000080042d8       0x80 ./Middlewares/ST/threadx/common/src/tx_byte_pool_create.o
                0x00000000080042d8                _tx_byte_pool_create
 .text._tx_byte_pool_search
                0x0000000008004358       0xd8 ./Middlewares/ST/threadx/common/src/tx_byte_pool_search.o
                0x0000000008004358                _tx_byte_pool_search
 .text._tx_byte_release
                0x0000000008004430      0x108 ./Middlewares/ST/threadx/common/src/tx_byte_release.o
                0x0000000008004430                _tx_byte_release
 .text._tx_initialize_high_level
                0x0000000008004538       0x70 ./Middlewares/ST/threadx/common/src/tx_initialize_high_level.o
                0x0000000008004538                _tx_initialize_high_level
 .text._tx_initialize_kernel_enter
                0x00000000080045a8       0x48 ./Middlewares/ST/threadx/common/src/tx_initialize_kernel_enter.o
                0x00000000080045a8                _tx_initialize_kernel_enter
 .text._tx_initialize_kernel_setup
                0x00000000080045f0       0x2c ./Middlewares/ST/threadx/common/src/tx_initialize_kernel_setup.o
                0x00000000080045f0                _tx_initialize_kernel_setup
 .text._tx_semaphore_cleanup
                0x000000000800461c       0x78 ./Middlewares/ST/threadx/common/src/tx_semaphore_cleanup.o
                0x000000000800461c                _tx_semaphore_cleanup
 .text._tx_semaphore_create
                0x0000000008004694       0x54 ./Middlewares/ST/threadx/common/src/tx_semaphore_create.o
                0x0000000008004694                _tx_semaphore_create
 .text._tx_semaphore_get
                0x00000000080046e8       0x84 ./Middlewares/ST/threadx/common/src/tx_semaphore_get.o
                0x00000000080046e8                _tx_semaphore_get
 .text._tx_semaphore_put
                0x000000000800476c       0x50 ./Middlewares/ST/threadx/common/src/tx_semaphore_put.o
                0x000000000800476c                _tx_semaphore_put
 .text._tx_thread_create
                0x00000000080047bc      0x120 ./Middlewares/ST/threadx/common/src/tx_thread_create.o
                0x00000000080047bc                _tx_thread_create
 .text._tx_thread_initialize
                0x00000000080048dc       0x6c ./Middlewares/ST/threadx/common/src/tx_thread_initialize.o
                0x00000000080048dc                _tx_thread_initialize
 .text._tx_thread_resume
                0x0000000008004948       0x70 ./Middlewares/ST/threadx/common/src/tx_thread_resume.o
                0x0000000008004948                _tx_thread_resume
 .text._tx_thread_shell_entry
                0x00000000080049b8       0x54 ./Middlewares/ST/threadx/common/src/tx_thread_shell_entry.o
                0x00000000080049b8                _tx_thread_shell_entry
 .text._tx_thread_sleep
                0x0000000008004a0c       0x6c ./Middlewares/ST/threadx/common/src/tx_thread_sleep.o
                0x0000000008004a0c                _tx_thread_sleep
 .text._tx_thread_suspend
                0x0000000008004a78       0x6c ./Middlewares/ST/threadx/common/src/tx_thread_suspend.o
                0x0000000008004a78                _tx_thread_suspend
 .text._tx_thread_system_preempt_check
                0x0000000008004ae4       0x3c ./Middlewares/ST/threadx/common/src/tx_thread_system_preempt_check.o
                0x0000000008004ae4                _tx_thread_system_preempt_check
 .text._tx_thread_system_resume
                0x0000000008004b20      0x10c ./Middlewares/ST/threadx/common/src/tx_thread_system_resume.o
                0x0000000008004b20                _tx_thread_system_resume
 .text._tx_thread_system_suspend
                0x0000000008004c2c      0x130 ./Middlewares/ST/threadx/common/src/tx_thread_system_suspend.o
                0x0000000008004c2c                _tx_thread_system_suspend
 .text._tx_thread_time_slice
                0x0000000008004d5c       0x5c ./Middlewares/ST/threadx/common/src/tx_thread_time_slice.o
                0x0000000008004d5c                _tx_thread_time_slice
 .text._tx_thread_timeout
                0x0000000008004db8       0x40 ./Middlewares/ST/threadx/common/src/tx_thread_timeout.o
                0x0000000008004db8                _tx_thread_timeout
 .text._tx_timer_expiration_process
                0x0000000008004df8       0x20 ./Middlewares/ST/threadx/common/src/tx_timer_expiration_process.o
                0x0000000008004df8                _tx_timer_expiration_process
 .text._tx_timer_initialize
                0x0000000008004e18       0xd4 ./Middlewares/ST/threadx/common/src/tx_timer_initialize.o
                0x0000000008004e18                _tx_timer_initialize
 .text._tx_timer_system_activate
                0x0000000008004eec       0x50 ./Middlewares/ST/threadx/common/src/tx_timer_system_activate.o
                0x0000000008004eec                _tx_timer_system_activate
 .text._tx_timer_system_deactivate
                0x0000000008004f3c       0x2a ./Middlewares/ST/threadx/common/src/tx_timer_system_deactivate.o
                0x0000000008004f3c                _tx_timer_system_deactivate
 *fill*         0x0000000008004f66        0x2 
 .text._tx_timer_thread_entry
                0x0000000008004f68      0x120 ./Middlewares/ST/threadx/common/src/tx_timer_thread_entry.o
                0x0000000008004f68                _tx_timer_thread_entry
 .text._txe_byte_allocate
                0x0000000008005088       0x74 ./Middlewares/ST/threadx/common/src/txe_byte_allocate.o
                0x0000000008005088                _txe_byte_allocate
 .text._txe_byte_pool_create
                0x00000000080050fc       0xc4 ./Middlewares/ST/threadx/common/src/txe_byte_pool_create.o
                0x00000000080050fc                _txe_byte_pool_create
 .text._txe_byte_release
                0x00000000080051c0       0x50 ./Middlewares/ST/threadx/common/src/txe_byte_release.o
                0x00000000080051c0                _txe_byte_release
 .text._txe_semaphore_create
                0x0000000008005210       0xa8 ./Middlewares/ST/threadx/common/src/txe_semaphore_create.o
                0x0000000008005210                _txe_semaphore_create
 .text._txe_semaphore_get
                0x00000000080052b8       0x40 ./Middlewares/ST/threadx/common/src/txe_semaphore_get.o
                0x00000000080052b8                _txe_semaphore_get
 .text._txe_semaphore_put
                0x00000000080052f8       0x18 ./Middlewares/ST/threadx/common/src/txe_semaphore_put.o
                0x00000000080052f8                _txe_semaphore_put
 .text._txe_thread_create
                0x0000000008005310      0x150 ./Middlewares/ST/threadx/common/src/txe_thread_create.o
                0x0000000008005310                _txe_thread_create
 .text._txe_thread_resume
                0x0000000008005460       0x18 ./Middlewares/ST/threadx/common/src/txe_thread_resume.o
                0x0000000008005460                _txe_thread_resume
 .text._txe_thread_suspend
                0x0000000008005478       0x18 ./Middlewares/ST/threadx/common/src/txe_thread_suspend.o
                0x0000000008005478                _txe_thread_suspend
 .text.tx_low_power_enter
                0x0000000008005490       0x18 ./Middlewares/ST/threadx/utility/low_power/tx_low_power.o
                0x0000000008005490                tx_low_power_enter
 .text.tx_low_power_exit
                0x00000000080054a8       0x10 ./Middlewares/ST/threadx/utility/low_power/tx_low_power.o
                0x00000000080054a8                tx_low_power_exit
 .text.__errno  0x00000000080054b8        0xc e:/stm32/stm32cubeide_1.11.0/stm32cubeide/plugins/com.st.stm32cube.ide.mcu.externaltools.gnu-tools-for-stm32.10.3-2021.10.win32_1.0.100.202210260954/tools/bin/../lib/gcc/arm-none-eabi/10.3.1/../../../../arm-none-eabi/lib/thumb/v7e-m+dp/hard\libc_nano.a(lib_a-errno.o)
                0x00000000080054b8                __errno
 .text.__libc_init_array
                0x00000000080054c4       0x48 e:/stm32/stm32cubeide_1.11.0/stm32cubeide/plugins/com.st.stm32cube.ide.mcu.externaltools.gnu-tools-for-stm32.10.3-2021.10.win32_1.0.100.202210260954/tools/bin/../lib/gcc/arm-none-eabi/10.3.1/../../../../arm-none-eabi/lib/thumb/v7e-m+dp/hard\libc_nano.a(lib_a-init.o)
                0x00000000080054c4                __libc_init_array
 .text.memcpy   0x000000000800550c       0x1c e:/stm32/stm32cubeide_1.11.0/stm32cubeide/plugins/com.st.stm32cube.ide.mcu.externaltools.gnu-tools-for-stm32.10.3-2021.10.win32_1.0.100.202210260954/tools/bin/../lib/gcc/arm-none-eabi/10.3.1/../../../../arm-none-eabi/lib/thumb/v7e-m+dp/hard\libc_nano.a(lib_a-memcpy-stub.o)
                0x000000000800550c                memcpy
 .text.memset   0x0000000008005528       0x10 e:/stm32/stm32cubeide_1.11.0/stm32cubeide/plugins/com.st.stm32cube.ide.mcu.externaltools.gnu-tools-for-stm32.10.3-2021.10.win32_1.0.100.202210260954/tools/bin/../lib/gcc/arm-none-eabi/10.3.1/../../../../arm-none-eabi/lib/thumb/v7e-m+dp/hard\libc_nano.a(lib_a-memset.o)
                0x0000000008005528                memset
 .text.printf   0x0000000008005538       0x30 e:/stm32/stm32cubeide_1.11.0/stm32cubeide/plugins/com.st.stm32cube.ide.mcu.externaltools.gnu-tools-for-stm32.10.3-2021.10.win32_1.0.100.202210260954/tools/bin/../lib/gcc/arm-none-eabi/10.3.1/../../../../arm-none-eabi/lib/thumb/v7e-m+dp/hard\libc_nano.a(lib_a-printf.o)
                0x0000000008005538                iprintf
                0x0000000008005538                printf
 .text.sprintf  0x0000000008005568       0x40 e:/stm32/stm32cubeide_1.11.0/stm32cubeide/plugins/com.st.stm32cube.ide.mcu.externaltools.gnu-tools-for-stm32.10.3-2021.10.win32_1.0.100.202210260954/tools/bin/../lib/gcc/arm-none-eabi/10.3.1/../../../../arm-none-eabi/lib/thumb/v7e-m+dp/hard\libc_nano.a(lib_a-sprintf.o)
                0x0000000008005568                siprintf
                0x0000000008005568                sprintf
 .text.std      0x00000000080055a8       0x48 e:/stm32/stm32cubeide_1.11.0/stm32cubeide/plugins/com.st.stm32cube.ide.mcu.externaltools.gnu-tools-for-stm32.10.3-2021.10.win32_1.0.100.202210260954/tools/bin/../lib/gcc/arm-none-eabi/10.3.1/../../../../arm-none-eabi/lib/thumb/v7e-m+dp/hard\libc_nano.a(lib_a-findfp.o)
 .text._cleanup_r
                0x00000000080055f0        0xc e:/stm32/stm32cubeide_1.11.0/stm32cubeide/plugins/com.st.stm32cube.ide.mcu.externaltools.gnu-tools-for-stm32.10.3-2021.10.win32_1.0.100.202210260954/tools/bin/../lib/gcc/arm-none-eabi/10.3.1/../../../../arm-none-eabi/lib/thumb/v7e-m+dp/hard\libc_nano.a(lib_a-findfp.o)
                0x00000000080055f0                _cleanup_r
 .text.__sfmoreglue
                0x00000000080055fc       0x2c e:/stm32/stm32cubeide_1.11.0/stm32cubeide/plugins/com.st.stm32cube.ide.mcu.externaltools.gnu-tools-for-stm32.10.3-2021.10.win32_1.0.100.202210260954/tools/bin/../lib/gcc/arm-none-eabi/10.3.1/../../../../arm-none-eabi/lib/thumb/v7e-m+dp/hard\libc_nano.a(lib_a-findfp.o)
                0x00000000080055fc                __sfmoreglue
 .text.__sfp_lock_acquire
                0x0000000008005628        0xc e:/stm32/stm32cubeide_1.11.0/stm32cubeide/plugins/com.st.stm32cube.ide.mcu.externaltools.gnu-tools-for-stm32.10.3-2021.10.win32_1.0.100.202210260954/tools/bin/../lib/gcc/arm-none-eabi/10.3.1/../../../../arm-none-eabi/lib/thumb/v7e-m+dp/hard\libc_nano.a(lib_a-findfp.o)
                0x0000000008005628                __sfp_lock_acquire
 .text.__sfp_lock_release
                0x0000000008005634        0xc e:/stm32/stm32cubeide_1.11.0/stm32cubeide/plugins/com.st.stm32cube.ide.mcu.externaltools.gnu-tools-for-stm32.10.3-2021.10.win32_1.0.100.202210260954/tools/bin/../lib/gcc/arm-none-eabi/10.3.1/../../../../arm-none-eabi/lib/thumb/v7e-m+dp/hard\libc_nano.a(lib_a-findfp.o)
                0x0000000008005634                __sfp_lock_release
 .text.__sinit_lock_acquire
                0x0000000008005640        0xc e:/stm32/stm32cubeide_1.11.0/stm32cubeide/plugins/com.st.stm32cube.ide.mcu.externaltools.gnu-tools-for-stm32.10.3-2021.10.win32_1.0.100.202210260954/tools/bin/../lib/gcc/arm-none-eabi/10.3.1/../../../../arm-none-eabi/lib/thumb/v7e-m+dp/hard\libc_nano.a(lib_a-findfp.o)
                0x0000000008005640                __sinit_lock_acquire
 .text.__sinit_lock_release
                0x000000000800564c        0xc e:/stm32/stm32cubeide_1.11.0/stm32cubeide/plugins/com.st.stm32cube.ide.mcu.externaltools.gnu-tools-for-stm32.10.3-2021.10.win32_1.0.100.202210260954/tools/bin/../lib/gcc/arm-none-eabi/10.3.1/../../../../arm-none-eabi/lib/thumb/v7e-m+dp/hard\libc_nano.a(lib_a-findfp.o)
                0x000000000800564c                __sinit_lock_release
 .text.__sinit  0x0000000008005658       0x70 e:/stm32/stm32cubeide_1.11.0/stm32cubeide/plugins/com.st.stm32cube.ide.mcu.externaltools.gnu-tools-for-stm32.10.3-2021.10.win32_1.0.100.202210260954/tools/bin/../lib/gcc/arm-none-eabi/10.3.1/../../../../arm-none-eabi/lib/thumb/v7e-m+dp/hard\libc_nano.a(lib_a-findfp.o)
                0x0000000008005658                __sinit
 .text.__sfp    0x00000000080056c8       0x8c e:/stm32/stm32cubeide_1.11.0/stm32cubeide/plugins/com.st.stm32cube.ide.mcu.externaltools.gnu-tools-for-stm32.10.3-2021.10.win32_1.0.100.202210260954/tools/bin/../lib/gcc/arm-none-eabi/10.3.1/../../../../arm-none-eabi/lib/thumb/v7e-m+dp/hard\libc_nano.a(lib_a-findfp.o)
                0x00000000080056c8                __sfp
 .text._fwalk_reent
                0x0000000008005754       0x3e e:/stm32/stm32cubeide_1.11.0/stm32cubeide/plugins/com.st.stm32cube.ide.mcu.externaltools.gnu-tools-for-stm32.10.3-2021.10.win32_1.0.100.202210260954/tools/bin/../lib/gcc/arm-none-eabi/10.3.1/../../../../arm-none-eabi/lib/thumb/v7e-m+dp/hard\libc_nano.a(lib_a-fwalk.o)
                0x0000000008005754                _fwalk_reent
 .text.__retarget_lock_init_recursive
                0x0000000008005792        0x2 e:/stm32/stm32cubeide_1.11.0/stm32cubeide/plugins/com.st.stm32cube.ide.mcu.externaltools.gnu-tools-for-stm32.10.3-2021.10.win32_1.0.100.202210260954/tools/bin/../lib/gcc/arm-none-eabi/10.3.1/../../../../arm-none-eabi/lib/thumb/v7e-m+dp/hard\libc_nano.a(lib_a-lock.o)
                0x0000000008005792                __retarget_lock_init_recursive
 .text.__retarget_lock_acquire_recursive
                0x0000000008005794        0x2 e:/stm32/stm32cubeide_1.11.0/stm32cubeide/plugins/com.st.stm32cube.ide.mcu.externaltools.gnu-tools-for-stm32.10.3-2021.10.win32_1.0.100.202210260954/tools/bin/../lib/gcc/arm-none-eabi/10.3.1/../../../../arm-none-eabi/lib/thumb/v7e-m+dp/hard\libc_nano.a(lib_a-lock.o)
                0x0000000008005794                __retarget_lock_acquire_recursive
 .text.__retarget_lock_release_recursive
                0x0000000008005796        0x2 e:/stm32/stm32cubeide_1.11.0/stm32cubeide/plugins/com.st.stm32cube.ide.mcu.externaltools.gnu-tools-for-stm32.10.3-2021.10.win32_1.0.100.202210260954/tools/bin/../lib/gcc/arm-none-eabi/10.3.1/../../../../arm-none-eabi/lib/thumb/v7e-m+dp/hard\libc_nano.a(lib_a-lock.o)
                0x0000000008005796                __retarget_lock_release_recursive
 .text.sbrk_aligned
                0x0000000008005798       0x40 e:/stm32/stm32cubeide_1.11.0/stm32cubeide/plugins/com.st.stm32cube.ide.mcu.externaltools.gnu-tools-for-stm32.10.3-2021.10.win32_1.0.100.202210260954/tools/bin/../lib/gcc/arm-none-eabi/10.3.1/../../../../arm-none-eabi/lib/thumb/v7e-m+dp/hard\libc_nano.a(lib_a-nano-mallocr.o)
 .text._malloc_r
                0x00000000080057d8       0xe8 e:/stm32/stm32cubeide_1.11.0/stm32cubeide/plugins/com.st.stm32cube.ide.mcu.externaltools.gnu-tools-for-stm32.10.3-2021.10.win32_1.0.100.202210260954/tools/bin/../lib/gcc/arm-none-eabi/10.3.1/../../../../arm-none-eabi/lib/thumb/v7e-m+dp/hard\libc_nano.a(lib_a-nano-mallocr.o)
                0x00000000080057d8                _malloc_r
 .text.__ssputs_r
                0x00000000080058c0       0xb6 e:/stm32/stm32cubeide_1.11.0/stm32cubeide/plugins/com.st.stm32cube.ide.mcu.externaltools.gnu-tools-for-stm32.10.3-2021.10.win32_1.0.100.202210260954/tools/bin/../lib/gcc/arm-none-eabi/10.3.1/../../../../arm-none-eabi/lib/thumb/v7e-m+dp/hard\libc_nano.a(lib_a-nano-svfprintf.o)
                0x00000000080058c0                __ssputs_r
 *fill*         0x0000000008005976        0x2 
 .text._svfprintf_r
                0x0000000008005978      0x200 e:/stm32/stm32cubeide_1.11.0/stm32cubeide/plugins/com.st.stm32cube.ide.mcu.externaltools.gnu-tools-for-stm32.10.3-2021.10.win32_1.0.100.202210260954/tools/bin/../lib/gcc/arm-none-eabi/10.3.1/../../../../arm-none-eabi/lib/thumb/v7e-m+dp/hard\libc_nano.a(lib_a-nano-svfprintf.o)
                0x0000000008005978                _svfiprintf_r
                0x0000000008005978                _svfprintf_r
 .text.__sfputc_r
                0x0000000008005b78       0x2e e:/stm32/stm32cubeide_1.11.0/stm32cubeide/plugins/com.st.stm32cube.ide.mcu.externaltools.gnu-tools-for-stm32.10.3-2021.10.win32_1.0.100.202210260954/tools/bin/../lib/gcc/arm-none-eabi/10.3.1/../../../../arm-none-eabi/lib/thumb/v7e-m+dp/hard\libc_nano.a(lib_a-nano-vfprintf.o)
 .text.__sfputs_r
                0x0000000008005ba6       0x24 e:/stm32/stm32cubeide_1.11.0/stm32cubeide/plugins/com.st.stm32cube.ide.mcu.externaltools.gnu-tools-for-stm32.10.3-2021.10.win32_1.0.100.202210260954/tools/bin/../lib/gcc/arm-none-eabi/10.3.1/../../../../arm-none-eabi/lib/thumb/v7e-m+dp/hard\libc_nano.a(lib_a-nano-vfprintf.o)
                0x0000000008005ba6                __sfputs_r
 *fill*         0x0000000008005bca        0x2 
 .text._vfprintf_r
                0x0000000008005bcc      0x260 e:/stm32/stm32cubeide_1.11.0/stm32cubeide/plugins/com.st.stm32cube.ide.mcu.externaltools.gnu-tools-for-stm32.10.3-2021.10.win32_1.0.100.202210260954/tools/bin/../lib/gcc/arm-none-eabi/10.3.1/../../../../arm-none-eabi/lib/thumb/v7e-m+dp/hard\libc_nano.a(lib_a-nano-vfprintf.o)
                0x0000000008005bcc                _vfprintf_r
                0x0000000008005bcc                _vfiprintf_r
 .text._printf_common
                0x0000000008005e2c       0xda e:/stm32/stm32cubeide_1.11.0/stm32cubeide/plugins/com.st.stm32cube.ide.mcu.externaltools.gnu-tools-for-stm32.10.3-2021.10.win32_1.0.100.202210260954/tools/bin/../lib/gcc/arm-none-eabi/10.3.1/../../../../arm-none-eabi/lib/thumb/v7e-m+dp/hard\libc_nano.a(lib_a-nano-vfprintf_i.o)
                0x0000000008005e2c                _printf_common
 *fill*         0x0000000008005f06        0x2 
 .text._printf_i
                0x0000000008005f08      0x24c e:/stm32/stm32cubeide_1.11.0/stm32cubeide/plugins/com.st.stm32cube.ide.mcu.externaltools.gnu-tools-for-stm32.10.3-2021.10.win32_1.0.100.202210260954/tools/bin/../lib/gcc/arm-none-eabi/10.3.1/../../../../arm-none-eabi/lib/thumb/v7e-m+dp/hard\libc_nano.a(lib_a-nano-vfprintf_i.o)
                0x0000000008005f08                _printf_i
 .text._sbrk_r  0x0000000008006154       0x20 e:/stm32/stm32cubeide_1.11.0/stm32cubeide/plugins/com.st.stm32cube.ide.mcu.externaltools.gnu-tools-for-stm32.10.3-2021.10.win32_1.0.100.202210260954/tools/bin/../lib/gcc/arm-none-eabi/10.3.1/../../../../arm-none-eabi/lib/thumb/v7e-m+dp/hard\libc_nano.a(lib_a-sbrkr.o)
                0x0000000008006154                _sbrk_r
 .text.__sread  0x0000000008006174       0x22 e:/stm32/stm32cubeide_1.11.0/stm32cubeide/plugins/com.st.stm32cube.ide.mcu.externaltools.gnu-tools-for-stm32.10.3-2021.10.win32_1.0.100.202210260954/tools/bin/../lib/gcc/arm-none-eabi/10.3.1/../../../../arm-none-eabi/lib/thumb/v7e-m+dp/hard\libc_nano.a(lib_a-stdio.o)
                0x0000000008006174                __sread
 .text.__swrite
                0x0000000008006196       0x38 e:/stm32/stm32cubeide_1.11.0/stm32cubeide/plugins/com.st.stm32cube.ide.mcu.externaltools.gnu-tools-for-stm32.10.3-2021.10.win32_1.0.100.202210260954/tools/bin/../lib/gcc/arm-none-eabi/10.3.1/../../../../arm-none-eabi/lib/thumb/v7e-m+dp/hard\libc_nano.a(lib_a-stdio.o)
                0x0000000008006196                __swrite
 .text.__sseek  0x00000000080061ce       0x24 e:/stm32/stm32cubeide_1.11.0/stm32cubeide/plugins/com.st.stm32cube.ide.mcu.externaltools.gnu-tools-for-stm32.10.3-2021.10.win32_1.0.100.202210260954/tools/bin/../lib/gcc/arm-none-eabi/10.3.1/../../../../arm-none-eabi/lib/thumb/v7e-m+dp/hard\libc_nano.a(lib_a-stdio.o)
                0x00000000080061ce                __sseek
 .text.__sclose
                0x00000000080061f2        0x8 e:/stm32/stm32cubeide_1.11.0/stm32cubeide/plugins/com.st.stm32cube.ide.mcu.externaltools.gnu-tools-for-stm32.10.3-2021.10.win32_1.0.100.202210260954/tools/bin/../lib/gcc/arm-none-eabi/10.3.1/../../../../arm-none-eabi/lib/thumb/v7e-m+dp/hard\libc_nano.a(lib_a-stdio.o)
                0x00000000080061f2                __sclose
 *fill*         0x00000000080061fa        0x2 
 .text.__swbuf_r
                0x00000000080061fc       0xa4 e:/stm32/stm32cubeide_1.11.0/stm32cubeide/plugins/com.st.stm32cube.ide.mcu.externaltools.gnu-tools-for-stm32.10.3-2021.10.win32_1.0.100.202210260954/tools/bin/../lib/gcc/arm-none-eabi/10.3.1/../../../../arm-none-eabi/lib/thumb/v7e-m+dp/hard\libc_nano.a(lib_a-wbuf.o)
                0x00000000080061fc                __swbuf_r
 .text._write_r
                0x00000000080062a0       0x24 e:/stm32/stm32cubeide_1.11.0/stm32cubeide/plugins/com.st.stm32cube.ide.mcu.externaltools.gnu-tools-for-stm32.10.3-2021.10.win32_1.0.100.202210260954/tools/bin/../lib/gcc/arm-none-eabi/10.3.1/../../../../arm-none-eabi/lib/thumb/v7e-m+dp/hard\libc_nano.a(lib_a-writer.o)
                0x00000000080062a0                _write_r
 .text.__swsetup_r
                0x00000000080062c4       0xdc e:/stm32/stm32cubeide_1.11.0/stm32cubeide/plugins/com.st.stm32cube.ide.mcu.externaltools.gnu-tools-for-stm32.10.3-2021.10.win32_1.0.100.202210260954/tools/bin/../lib/gcc/arm-none-eabi/10.3.1/../../../../arm-none-eabi/lib/thumb/v7e-m+dp/hard\libc_nano.a(lib_a-wsetup.o)
                0x00000000080062c4                __swsetup_r
 .text._close_r
                0x00000000080063a0       0x20 e:/stm32/stm32cubeide_1.11.0/stm32cubeide/plugins/com.st.stm32cube.ide.mcu.externaltools.gnu-tools-for-stm32.10.3-2021.10.win32_1.0.100.202210260954/tools/bin/../lib/gcc/arm-none-eabi/10.3.1/../../../../arm-none-eabi/lib/thumb/v7e-m+dp/hard\libc_nano.a(lib_a-closer.o)
                0x00000000080063a0                _close_r
 .text.__sflush_r
                0x00000000080063c0      0x10c e:/stm32/stm32cubeide_1.11.0/stm32cubeide/plugins/com.st.stm32cube.ide.mcu.externaltools.gnu-tools-for-stm32.10.3-2021.10.win32_1.0.100.202210260954/tools/bin/../lib/gcc/arm-none-eabi/10.3.1/../../../../arm-none-eabi/lib/thumb/v7e-m+dp/hard\libc_nano.a(lib_a-fflush.o)
                0x00000000080063c0                __sflush_r
 .text._fflush_r
                0x00000000080064cc       0x78 e:/stm32/stm32cubeide_1.11.0/stm32cubeide/plugins/com.st.stm32cube.ide.mcu.externaltools.gnu-tools-for-stm32.10.3-2021.10.win32_1.0.100.202210260954/tools/bin/../lib/gcc/arm-none-eabi/10.3.1/../../../../arm-none-eabi/lib/thumb/v7e-m+dp/hard\libc_nano.a(lib_a-fflush.o)
                0x00000000080064cc                _fflush_r
 .text._lseek_r
                0x0000000008006544       0x24 e:/stm32/stm32cubeide_1.11.0/stm32cubeide/plugins/com.st.stm32cube.ide.mcu.externaltools.gnu-tools-for-stm32.10.3-2021.10.win32_1.0.100.202210260954/tools/bin/../lib/gcc/arm-none-eabi/10.3.1/../../../../arm-none-eabi/lib/thumb/v7e-m+dp/hard\libc_nano.a(lib_a-lseekr.o)
                0x0000000008006544                _lseek_r
 .text.__swhatbuf_r
                0x0000000008006568       0x4a e:/stm32/stm32cubeide_1.11.0/stm32cubeide/plugins/com.st.stm32cube.ide.mcu.externaltools.gnu-tools-for-stm32.10.3-2021.10.win32_1.0.100.202210260954/tools/bin/../lib/gcc/arm-none-eabi/10.3.1/../../../../arm-none-eabi/lib/thumb/v7e-m+dp/hard\libc_nano.a(lib_a-makebuf.o)
                0x0000000008006568                __swhatbuf_r
 *fill*         0x00000000080065b2        0x2 
 .text.__smakebuf_r
                0x00000000080065b4       0x80 e:/stm32/stm32cubeide_1.11.0/stm32cubeide/plugins/com.st.stm32cube.ide.mcu.externaltools.gnu-tools-for-stm32.10.3-2021.10.win32_1.0.100.202210260954/tools/bin/../lib/gcc/arm-none-eabi/10.3.1/../../../../arm-none-eabi/lib/thumb/v7e-m+dp/hard\libc_nano.a(lib_a-makebuf.o)
                0x00000000080065b4                __smakebuf_r
 .text.memmove  0x0000000008006634       0x34 e:/stm32/stm32cubeide_1.11.0/stm32cubeide/plugins/com.st.stm32cube.ide.mcu.externaltools.gnu-tools-for-stm32.10.3-2021.10.win32_1.0.100.202210260954/tools/bin/../lib/gcc/arm-none-eabi/10.3.1/../../../../arm-none-eabi/lib/thumb/v7e-m+dp/hard\libc_nano.a(lib_a-memmove.o)
                0x0000000008006634                memmove
 .text.__malloc_lock
                0x0000000008006668        0xc e:/stm32/stm32cubeide_1.11.0/stm32cubeide/plugins/com.st.stm32cube.ide.mcu.externaltools.gnu-tools-for-stm32.10.3-2021.10.win32_1.0.100.202210260954/tools/bin/../lib/gcc/arm-none-eabi/10.3.1/../../../../arm-none-eabi/lib/thumb/v7e-m+dp/hard\libc_nano.a(lib_a-mlock.o)
                0x0000000008006668                __malloc_lock
 .text.__malloc_unlock
                0x0000000008006674        0xc e:/stm32/stm32cubeide_1.11.0/stm32cubeide/plugins/com.st.stm32cube.ide.mcu.externaltools.gnu-tools-for-stm32.10.3-2021.10.win32_1.0.100.202210260954/tools/bin/../lib/gcc/arm-none-eabi/10.3.1/../../../../arm-none-eabi/lib/thumb/v7e-m+dp/hard\libc_nano.a(lib_a-mlock.o)
                0x0000000008006674                __malloc_unlock
 .text._free_r  0x0000000008006680       0x98 e:/stm32/stm32cubeide_1.11.0/stm32cubeide/plugins/com.st.stm32cube.ide.mcu.externaltools.gnu-tools-for-stm32.10.3-2021.10.win32_1.0.100.202210260954/tools/bin/../lib/gcc/arm-none-eabi/10.3.1/../../../../arm-none-eabi/lib/thumb/v7e-m+dp/hard\libc_nano.a(lib_a-nano-freer.o)
                0x0000000008006680                _free_r
 .text._realloc_r
                0x0000000008006718       0x5e e:/stm32/stm32cubeide_1.11.0/stm32cubeide/plugins/com.st.stm32cube.ide.mcu.externaltools.gnu-tools-for-stm32.10.3-2021.10.win32_1.0.100.202210260954/tools/bin/../lib/gcc/arm-none-eabi/10.3.1/../../../../arm-none-eabi/lib/thumb/v7e-m+dp/hard\libc_nano.a(lib_a-nano-reallocr.o)
                0x0000000008006718                _realloc_r
 *fill*         0x0000000008006776        0x2 
 .text._read_r  0x0000000008006778       0x24 e:/stm32/stm32cubeide_1.11.0/stm32cubeide/plugins/com.st.stm32cube.ide.mcu.externaltools.gnu-tools-for-stm32.10.3-2021.10.win32_1.0.100.202210260954/tools/bin/../lib/gcc/arm-none-eabi/10.3.1/../../../../arm-none-eabi/lib/thumb/v7e-m+dp/hard\libc_nano.a(lib_a-readr.o)
                0x0000000008006778                _read_r
 .text._fstat_r
                0x000000000800679c       0x24 e:/stm32/stm32cubeide_1.11.0/stm32cubeide/plugins/com.st.stm32cube.ide.mcu.externaltools.gnu-tools-for-stm32.10.3-2021.10.win32_1.0.100.202210260954/tools/bin/../lib/gcc/arm-none-eabi/10.3.1/../../../../arm-none-eabi/lib/thumb/v7e-m+dp/hard\libc_nano.a(lib_a-fstatr.o)
                0x000000000800679c                _fstat_r
 .text._isatty_r
                0x00000000080067c0       0x20 e:/stm32/stm32cubeide_1.11.0/stm32cubeide/plugins/com.st.stm32cube.ide.mcu.externaltools.gnu-tools-for-stm32.10.3-2021.10.win32_1.0.100.202210260954/tools/bin/../lib/gcc/arm-none-eabi/10.3.1/../../../../arm-none-eabi/lib/thumb/v7e-m+dp/hard\libc_nano.a(lib_a-isattyr.o)
                0x00000000080067c0                _isatty_r
 .text._malloc_usable_size_r
                0x00000000080067e0       0x10 e:/stm32/stm32cubeide_1.11.0/stm32cubeide/plugins/com.st.stm32cube.ide.mcu.externaltools.gnu-tools-for-stm32.10.3-2021.10.win32_1.0.100.202210260954/tools/bin/../lib/gcc/arm-none-eabi/10.3.1/../../../../arm-none-eabi/lib/thumb/v7e-m+dp/hard\libc_nano.a(lib_a-nano-msizer.o)
                0x00000000080067e0                _malloc_usable_size_r
 *(.glue_7)
 .glue_7        0x00000000080067f0        0x0 linker stubs
 *(.glue_7t)
 .glue_7t       0x00000000080067f0        0x0 linker stubs
 *(.eh_frame)
 .eh_frame      0x00000000080067f0        0x0 e:/stm32/stm32cubeide_1.11.0/stm32cubeide/plugins/com.st.stm32cube.ide.mcu.externaltools.gnu-tools-for-stm32.10.3-2021.10.win32_1.0.100.202210260954/tools/bin/../lib/gcc/arm-none-eabi/10.3.1/thumb/v7e-m+dp/hard/crtbegin.o
 *(.init)
 .init          0x00000000080067f0        0x4 e:/stm32/stm32cubeide_1.11.0/stm32cubeide/plugins/com.st.stm32cube.ide.mcu.externaltools.gnu-tools-for-stm32.10.3-2021.10.win32_1.0.100.202210260954/tools/bin/../lib/gcc/arm-none-eabi/10.3.1/thumb/v7e-m+dp/hard/crti.o
                0x00000000080067f0                _init
 .init          0x00000000080067f4        0x8 e:/stm32/stm32cubeide_1.11.0/stm32cubeide/plugins/com.st.stm32cube.ide.mcu.externaltools.gnu-tools-for-stm32.10.3-2021.10.win32_1.0.100.202210260954/tools/bin/../lib/gcc/arm-none-eabi/10.3.1/thumb/v7e-m+dp/hard/crtn.o
 *(.fini)
 .fini          0x00000000080067fc        0x4 e:/stm32/stm32cubeide_1.11.0/stm32cubeide/plugins/com.st.stm32cube.ide.mcu.externaltools.gnu-tools-for-stm32.10.3-2021.10.win32_1.0.100.202210260954/tools/bin/../lib/gcc/arm-none-eabi/10.3.1/thumb/v7e-m+dp/hard/crti.o
                0x00000000080067fc                _fini
 .fini          0x0000000008006800        0x8 e:/stm32/stm32cubeide_1.11.0/stm32cubeide/plugins/com.st.stm32cube.ide.mcu.externaltools.gnu-tools-for-stm32.10.3-2021.10.win32_1.0.100.202210260954/tools/bin/../lib/gcc/arm-none-eabi/10.3.1/thumb/v7e-m+dp/hard/crtn.o
                0x0000000008006808                . = ALIGN (0x4)
                0x0000000008006808                _etext = .

.vfp11_veneer   0x0000000008006808        0x0
 .vfp11_veneer  0x0000000008006808        0x0 linker stubs

.v4_bx          0x0000000008006808        0x0
 .v4_bx         0x0000000008006808        0x0 linker stubs

.iplt           0x0000000008006808        0x0
 .iplt          0x0000000008006808        0x0 e:/stm32/stm32cubeide_1.11.0/stm32cubeide/plugins/com.st.stm32cube.ide.mcu.externaltools.gnu-tools-for-stm32.10.3-2021.10.win32_1.0.100.202210260954/tools/bin/../lib/gcc/arm-none-eabi/10.3.1/thumb/v7e-m+dp/hard/crtbegin.o

.rodata         0x0000000008006808      0x1fc
                0x0000000008006808                . = ALIGN (0x4)
 *(.rodata)
 *(.rodata*)
 .rodata.tx_application_define.str1.1
                0x0000000008006808       0x13 ./AZURE_RTOS/App/app_azure_rtos.o
 .rodata.D1CorePrescTable
                0x000000000800681b       0x10 ./Core/Src/system_stm32h7xx.o
                0x000000000800681b                D1CorePrescTable
 .rodata.tm_thread_create.str1.1
                0x000000000800682b        0x3 ./Core/Src/tm_porting_layer.o
 .rodata.tm_synchronization_processing_thread_report.str1.1
                0x000000000800682e       0xac ./Core/Src/tm_synchronization_processing_test.o
 .rodata.CSWTCH.61
                0x00000000080068da       0x29 ./Drivers/STM32H7xx_HAL_Driver/Src/stm32h7xx_hal_uart.o
 .rodata.CSWTCH.62
                0x0000000008006903        0x6 ./Drivers/STM32H7xx_HAL_Driver/Src/stm32h7xx_hal_uart.o
 .rodata.CSWTCH.71
                0x0000000008006909        0x6 ./Drivers/STM32H7xx_HAL_Driver/Src/stm32h7xx_hal_uart.o
 *fill*         0x000000000800690f        0x1 
 .rodata.UARTPrescTable
                0x0000000008006910       0x18 ./Drivers/STM32H7xx_HAL_Driver/Src/stm32h7xx_hal_uart.o
                0x0000000008006910                UARTPrescTable
 .rodata.denominator.0
                0x0000000008006928        0x8 ./Drivers/STM32H7xx_HAL_Driver/Src/stm32h7xx_hal_uart_ex.o
 .rodata.numerator.1
                0x0000000008006930        0x8 ./Drivers/STM32H7xx_HAL_Driver/Src/stm32h7xx_hal_uart_ex.o
 .rodata.osKernelInitialize.str1.1
                0x0000000008006938       0x1f ./Middlewares/ST/cmsis_os2.o
 .rodata._tx_timer_initialize.str1.1
                0x0000000008006957       0x14 ./Middlewares/ST/threadx/common/src/tx_timer_initialize.o
 *fill*         0x000000000800696b        0x1 
 .rodata._global_impure_ptr
                0x000000000800696c        0x4 e:/stm32/stm32cubeide_1.11.0/stm32cubeide/plugins/com.st.stm32cube.ide.mcu.externaltools.gnu-tools-for-stm32.10.3-2021.10.win32_1.0.100.202210260954/tools/bin/../lib/gcc/arm-none-eabi/10.3.1/../../../../arm-none-eabi/lib/thumb/v7e-m+dp/hard\libc_nano.a(lib_a-impure.o)
                0x000000000800696c                _global_impure_ptr
 .rodata.__sf_fake_stderr
                0x0000000008006970       0x20 e:/stm32/stm32cubeide_1.11.0/stm32cubeide/plugins/com.st.stm32cube.ide.mcu.externaltools.gnu-tools-for-stm32.10.3-2021.10.win32_1.0.100.202210260954/tools/bin/../lib/gcc/arm-none-eabi/10.3.1/../../../../arm-none-eabi/lib/thumb/v7e-m+dp/hard\libc_nano.a(lib_a-findfp.o)
                0x0000000008006970                __sf_fake_stderr
 .rodata.__sf_fake_stdin
                0x0000000008006990       0x20 e:/stm32/stm32cubeide_1.11.0/stm32cubeide/plugins/com.st.stm32cube.ide.mcu.externaltools.gnu-tools-for-stm32.10.3-2021.10.win32_1.0.100.202210260954/tools/bin/../lib/gcc/arm-none-eabi/10.3.1/../../../../arm-none-eabi/lib/thumb/v7e-m+dp/hard\libc_nano.a(lib_a-findfp.o)
                0x0000000008006990                __sf_fake_stdin
 .rodata.__sf_fake_stdout
                0x00000000080069b0       0x20 e:/stm32/stm32cubeide_1.11.0/stm32cubeide/plugins/com.st.stm32cube.ide.mcu.externaltools.gnu-tools-for-stm32.10.3-2021.10.win32_1.0.100.202210260954/tools/bin/../lib/gcc/arm-none-eabi/10.3.1/../../../../arm-none-eabi/lib/thumb/v7e-m+dp/hard\libc_nano.a(lib_a-findfp.o)
                0x00000000080069b0                __sf_fake_stdout
 .rodata._svfprintf_r.str1.1
                0x00000000080069d0       0x11 e:/stm32/stm32cubeide_1.11.0/stm32cubeide/plugins/com.st.stm32cube.ide.mcu.externaltools.gnu-tools-for-stm32.10.3-2021.10.win32_1.0.100.202210260954/tools/bin/../lib/gcc/arm-none-eabi/10.3.1/../../../../arm-none-eabi/lib/thumb/v7e-m+dp/hard\libc_nano.a(lib_a-nano-svfprintf.o)
 .rodata._vfprintf_r.str1.1
                0x00000000080069e1       0x11 e:/stm32/stm32cubeide_1.11.0/stm32cubeide/plugins/com.st.stm32cube.ide.mcu.externaltools.gnu-tools-for-stm32.10.3-2021.10.win32_1.0.100.202210260954/tools/bin/../lib/gcc/arm-none-eabi/10.3.1/../../../../arm-none-eabi/lib/thumb/v7e-m+dp/hard\libc_nano.a(lib_a-nano-vfprintf.o)
 .rodata._printf_i.str1.1
                0x00000000080069e1       0x22 e:/stm32/stm32cubeide_1.11.0/stm32cubeide/plugins/com.st.stm32cube.ide.mcu.externaltools.gnu-tools-for-stm32.10.3-2021.10.win32_1.0.100.202210260954/tools/bin/../lib/gcc/arm-none-eabi/10.3.1/../../../../arm-none-eabi/lib/thumb/v7e-m+dp/hard\libc_nano.a(lib_a-nano-vfprintf_i.o)
                0x0000000008006a04                . = ALIGN (0x4)
 *fill*         0x0000000008006a03        0x1 

.ARM.extab
 *(.ARM.extab* .gnu.linkonce.armextab.*)

.ARM            0x0000000008006a04        0x8
                0x0000000008006a04                __exidx_start = .
 *(.ARM.exidx*)
 .ARM.exidx     0x0000000008006a04        0x8 e:/stm32/stm32cubeide_1.11.0/stm32cubeide/plugins/com.st.stm32cube.ide.mcu.externaltools.gnu-tools-for-stm32.10.3-2021.10.win32_1.0.100.202210260954/tools/bin/../lib/gcc/arm-none-eabi/10.3.1/thumb/v7e-m+dp/hard\libgcc.a(_udivmoddi4.o)
                0x0000000008006a0c                __exidx_end = .

.rel.dyn        0x0000000008006a0c        0x0
 .rel.iplt      0x0000000008006a0c        0x0 e:/stm32/stm32cubeide_1.11.0/stm32cubeide/plugins/com.st.stm32cube.ide.mcu.externaltools.gnu-tools-for-stm32.10.3-2021.10.win32_1.0.100.202210260954/tools/bin/../lib/gcc/arm-none-eabi/10.3.1/thumb/v7e-m+dp/hard/crtbegin.o

.preinit_array  0x0000000008006a0c        0x0
                0x0000000008006a0c                PROVIDE (__preinit_array_start = .)
 *(.preinit_array*)
                0x0000000008006a0c                PROVIDE (__preinit_array_end = .)

.init_array     0x0000000008006a0c        0x4
                0x0000000008006a0c                PROVIDE (__init_array_start = .)
 *(SORT_BY_NAME(.init_array.*))
 *(.init_array*)
 .init_array    0x0000000008006a0c        0x4 e:/stm32/stm32cubeide_1.11.0/stm32cubeide/plugins/com.st.stm32cube.ide.mcu.externaltools.gnu-tools-for-stm32.10.3-2021.10.win32_1.0.100.202210260954/tools/bin/../lib/gcc/arm-none-eabi/10.3.1/thumb/v7e-m+dp/hard/crtbegin.o
                0x0000000008006a10                PROVIDE (__init_array_end = .)

.fini_array     0x0000000008006a10        0x4
                [!provide]                        PROVIDE (__fini_array_start = .)
 *(SORT_BY_NAME(.fini_array.*))
 *(.fini_array*)
 .fini_array    0x0000000008006a10        0x4 e:/stm32/stm32cubeide_1.11.0/stm32cubeide/plugins/com.st.stm32cube.ide.mcu.externaltools.gnu-tools-for-stm32.10.3-2021.10.win32_1.0.100.202210260954/tools/bin/../lib/gcc/arm-none-eabi/10.3.1/thumb/v7e-m+dp/hard/crtbegin.o
                [!provide]                        PROVIDE (__fini_array_end = .)
                0x0000000008006a14                _sidata = LOADADDR (.data)

.data           0x0000000024000000       0x78 load address 0x0000000008006a14
                0x0000000024000000                . = ALIGN (0x4)
                0x0000000024000000                _sdata = .
 *(.data)
 *(.data*)
 .data.SystemCoreClock
                0x0000000024000000        0x4 ./Core/Src/system_stm32h7xx.o
                0x0000000024000000                SystemCoreClock
 .data.SystemD2Clock
                0x0000000024000004        0x4 ./Core/Src/system_stm32h7xx.o
                0x0000000024000004                SystemD2Clock
 .data.uwTickFreq
                0x0000000024000008        0x1 ./Drivers/STM32H7xx_HAL_Driver/Src/stm32h7xx_hal.o
                0x0000000024000008                uwTickFreq
 *fill*         0x0000000024000009        0x3 
 .data.uwTickPrio
                0x000000002400000c        0x4 ./Drivers/STM32H7xx_HAL_Driver/Src/stm32h7xx_hal.o
                0x000000002400000c                uwTickPrio
 .data._tx_thread_system_state
                0x0000000024000010        0x4 ./Middlewares/ST/threadx/common/src/tx_thread_initialize.o
                0x0000000024000010                _tx_thread_system_state
 .data._impure_ptr
                0x0000000024000014        0x4 e:/stm32/stm32cubeide_1.11.0/stm32cubeide/plugins/com.st.stm32cube.ide.mcu.externaltools.gnu-tools-for-stm32.10.3-2021.10.win32_1.0.100.202210260954/tools/bin/../lib/gcc/arm-none-eabi/10.3.1/../../../../arm-none-eabi/lib/thumb/v7e-m+dp/hard\libc_nano.a(lib_a-impure.o)
                0x0000000024000014                _impure_ptr
 .data.impure_data
                0x0000000024000018       0x60 e:/stm32/stm32cubeide_1.11.0/stm32cubeide/plugins/com.st.stm32cube.ide.mcu.externaltools.gnu-tools-for-stm32.10.3-2021.10.win32_1.0.100.202210260954/tools/bin/../lib/gcc/arm-none-eabi/10.3.1/../../../../arm-none-eabi/lib/thumb/v7e-m+dp/hard\libc_nano.a(lib_a-impure.o)
 *(.RamFunc)
 *(.RamFunc*)
                0x0000000024000078                . = ALIGN (0x4)
                0x0000000024000078                _edata = .

.igot.plt       0x0000000024000078        0x0 load address 0x0000000008006a8c
 .igot.plt      0x0000000024000078        0x0 e:/stm32/stm32cubeide_1.11.0/stm32cubeide/plugins/com.st.stm32cube.ide.mcu.externaltools.gnu-tools-for-stm32.10.3-2021.10.win32_1.0.100.202210260954/tools/bin/../lib/gcc/arm-none-eabi/10.3.1/thumb/v7e-m+dp/hard/crtbegin.o

.RxDecripSection
                0x0000000024000078       0x60 load address 0x0000000008006a8c
 .RxDecripSection
                0x0000000024000078       0x60 ./Core/Src/main.o
                0x0000000024000078                DMARxDscrTab

.TxDecripSection
                0x00000000240000d8       0x60 load address 0x0000000008006aec
 .TxDecripSection
                0x00000000240000d8       0x60 ./Core/Src/main.o
                0x00000000240000d8                DMATxDscrTab
                0x0000000024000138                . = ALIGN (0x4)

.bss            0x0000000024000138    0x1103c load address 0x0000000008006b4c
                0x0000000024000138                _sbss = .
                0x0000000024000138                __bss_start__ = _sbss
 *(.bss)
 .bss           0x0000000024000138       0x1c e:/stm32/stm32cubeide_1.11.0/stm32cubeide/plugins/com.st.stm32cube.ide.mcu.externaltools.gnu-tools-for-stm32.10.3-2021.10.win32_1.0.100.202210260954/tools/bin/../lib/gcc/arm-none-eabi/10.3.1/thumb/v7e-m+dp/hard/crtbegin.o
 *(.bss*)
 .bss.tx_app_byte_pool
                0x0000000024000154       0x34 ./AZURE_RTOS/App/app_azure_rtos.o
 .bss.tx_byte_pool_buffer
                0x0000000024000188      0x400 ./AZURE_RTOS/App/app_azure_rtos.o
 .bss.MACAddr.0
                0x0000000024000588        0x6 ./Core/Src/main.o
 *fill*         0x000000002400058e        0x2 
 .bss.TxConfig  0x0000000024000590       0x38 ./Core/Src/main.o
                0x0000000024000590                TxConfig
 .bss.heth      0x00000000240005c8       0xb0 ./Core/Src/main.o
                0x00000000240005c8                heth
 .bss.htim6     0x0000000024000678       0x4c ./Core/Src/main.o
                0x0000000024000678                htim6
 .bss.huart2    0x00000000240006c4       0x94 ./Core/Src/main.o
                0x00000000240006c4                huart2
 .bss.huart3    0x0000000024000758       0x94 ./Core/Src/main.o
                0x0000000024000758                huart3
 .bss.__sbrk_heap_end
                0x00000000240007ec        0x4 ./Core/Src/sysmem.o
 .bss.tm_initialization_function
                0x00000000240007f0        0x4 ./Core/Src/tm_porting_layer.o
                0x00000000240007f0                tm_initialization_function
 .bss.tm_semaphore_array
                0x00000000240007f4        0x4 ./Core/Src/tm_porting_layer.o
                0x00000000240007f4                tm_semaphore_array
 .bss.tm_thread_array
                0x00000000240007f8       0x28 ./Core/Src/tm_porting_layer.o
                0x00000000240007f8                tm_thread_array
 .bss.tm_synchronization_processing_counter
                0x0000000024000820        0x4 ./Core/Src/tm_synchronization_processing_test.o
                0x0000000024000820                tm_synchronization_processing_counter
 .bss.uwTick    0x0000000024000824        0x4 ./Drivers/STM32H7xx_HAL_Driver/Src/stm32h7xx_hal.o
                0x0000000024000824                uwTick
 .bss.HeapBytePool
                0x0000000024000828       0x34 ./Middlewares/ST/cmsis_os2.o
                0x0000000024000828                HeapBytePool
 .bss.KernelState
                0x000000002400085c        0x4 ./Middlewares/ST/cmsis_os2.o
 .bss.StackBytePool
                0x0000000024000860       0x34 ./Middlewares/ST/cmsis_os2.o
                0x0000000024000860                StackBytePool
 .bss.freememHeap.0
                0x0000000024000894     0x8100 ./Middlewares/ST/cmsis_os2.o
 .bss.freememStack.1
                0x0000000024008994     0x8100 ./Middlewares/ST/cmsis_os2.o
 .bss._tx_block_pool_created_count
                0x0000000024010a94        0x4 ./Middlewares/ST/threadx/common/src/tx_initialize_high_level.o
                0x0000000024010a94                _tx_block_pool_created_count
 .bss._tx_block_pool_created_ptr
                0x0000000024010a98        0x4 ./Middlewares/ST/threadx/common/src/tx_initialize_high_level.o
                0x0000000024010a98                _tx_block_pool_created_ptr
 .bss._tx_byte_pool_created_count
                0x0000000024010a9c        0x4 ./Middlewares/ST/threadx/common/src/tx_initialize_high_level.o
                0x0000000024010a9c                _tx_byte_pool_created_count
 .bss._tx_byte_pool_created_ptr
                0x0000000024010aa0        0x4 ./Middlewares/ST/threadx/common/src/tx_initialize_high_level.o
                0x0000000024010aa0                _tx_byte_pool_created_ptr
 .bss._tx_event_flags_created_count
                0x0000000024010aa4        0x4 ./Middlewares/ST/threadx/common/src/tx_initialize_high_level.o
                0x0000000024010aa4                _tx_event_flags_created_count
 .bss._tx_event_flags_created_ptr
                0x0000000024010aa8        0x4 ./Middlewares/ST/threadx/common/src/tx_initialize_high_level.o
                0x0000000024010aa8                _tx_event_flags_created_ptr
 .bss._tx_initialize_unused_memory
                0x0000000024010aac        0x4 ./Middlewares/ST/threadx/common/src/tx_initialize_high_level.o
                0x0000000024010aac                _tx_initialize_unused_memory
 .bss._tx_mutex_created_count
                0x0000000024010ab0        0x4 ./Middlewares/ST/threadx/common/src/tx_initialize_high_level.o
                0x0000000024010ab0                _tx_mutex_created_count
 .bss._tx_mutex_created_ptr
                0x0000000024010ab4        0x4 ./Middlewares/ST/threadx/common/src/tx_initialize_high_level.o
                0x0000000024010ab4                _tx_mutex_created_ptr
 .bss._tx_queue_created_count
                0x0000000024010ab8        0x4 ./Middlewares/ST/threadx/common/src/tx_initialize_high_level.o
                0x0000000024010ab8                _tx_queue_created_count
 .bss._tx_queue_created_ptr
                0x0000000024010abc        0x4 ./Middlewares/ST/threadx/common/src/tx_initialize_high_level.o
                0x0000000024010abc                _tx_queue_created_ptr
 .bss._tx_semaphore_created_count
                0x0000000024010ac0        0x4 ./Middlewares/ST/threadx/common/src/tx_initialize_high_level.o
                0x0000000024010ac0                _tx_semaphore_created_count
 .bss._tx_semaphore_created_ptr
                0x0000000024010ac4        0x4 ./Middlewares/ST/threadx/common/src/tx_initialize_high_level.o
                0x0000000024010ac4                _tx_semaphore_created_ptr
 .bss._tx_build_options