../Core/Src/tm_interrupt_preemption_processing_test.c:126:7:tm_interrupt_preemption_thread_1_entry	0	static,ignoring_inline_asm
../Core/Src/tm_interrupt_preemption_processing_test.c:89:7:tm_interrupt_preemption_processing_initialize	8	static
../Core/Src/tm_interrupt_preemption_processing_test.c:110:7:tm_interrupt_preemption_thread_0_entry	8	static
../Core/Src/tm_interrupt_preemption_processing_test.c:162:7:tm_interrupt_preemption_thread_report	24	static
../Core/Src/tm_interrupt_preemption_processing_test.c:79:6:tm_main	0	static
../Core/Src/tm_interrupt_preemption_processing_test.c:150:7:tm_interrupt_preemption_handler	0	static
