../Core/Src/tm_interrupt_preemption_processing_test.c:130:7:tm_interrupt_preemption_thread_1_entry	0	static,ignoring_inline_asm
../Core/Src/tm_interrupt_preemption_processing_test.c:89:7:tm_interrupt_preemption_processing_initialize	8	static
../Core/Src/tm_interrupt_preemption_processing_test.c:114:7:tm_interrupt_preemption_thread_0_entry	8	static
../Core/Src/tm_interrupt_preemption_processing_test.c:166:7:tm_interrupt_preemption_thread_report	24	static
../Core/Src/tm_interrupt_preemption_processing_test.c:79:6:tm_main	0	static
../Core/Src/tm_interrupt_preemption_processing_test.c:154:7:tm_interrupt_preemption_handler	0	static
