../Core/Src/tm_porting_layer_template.c:30:7:tm_initialize	0	static
../Core/Src/tm_porting_layer_template.c:40:6:tm_thread_create	0	static
../Core/Src/tm_porting_layer_template.c:48:6:tm_thread_resume	0	static
../Core/Src/tm_porting_layer_template.c:56:6:tm_thread_suspend	0	static
../Core/Src/tm_porting_layer_template.c:64:6:tm_thread_relinquish	0	static
../Core/Src/tm_porting_layer_template.c:73:6:tm_thread_sleep	0	static
../Core/Src/tm_porting_layer_template.c:81:6:tm_queue_create	0	static
../Core/Src/tm_porting_layer_template.c:89:6:tm_queue_send	0	static
../Core/Src/tm_porting_layer_template.c:97:6:tm_queue_receive	0	static
../Core/Src/tm_porting_layer_template.c:105:6:tm_semaphore_create	0	static
../Core/Src/tm_porting_layer_template.c:113:6:tm_semaphore_get	0	static
../Core/Src/tm_porting_layer_template.c:121:6:tm_semaphore_put	0	static
../Core/Src/tm_porting_layer_template.c:130:6:tm_memory_pool_create	0	static
../Core/Src/tm_porting_layer_template.c:139:6:tm_memory_pool_allocate	0	static
../Core/Src/tm_porting_layer_template.c:148:6:tm_memory_pool_deallocate	0	static
