../Core/Src/main.c:86:5:_write	24	static
../Core/Src/main.c:108:5:main	24	static,ignoring_inline_asm
../Core/Src/main.c:168:6:SystemClock_Config	120	static
../Core/Src/main.c:229:13:MX_ETH_Init	8	static
../Core/Src/main.c:290:13:MX_USART2_UART_Init	8	static
../Core/Src/main.c:338:13:MX_USART3_UART_Init	8	static
../Core/Src/main.c:386:13:MX_USB_OTG_HS_USB_Init	4	static
../Core/Src/main.c:407:6:MPU_Config	24	static
../Core/Src/main.c:433:13:MX_GPIO_Init	56	static
../Core/Src/main.c:518:6:Error_Handler	4	static,ignoring_inline_asm
