../Core/Src/tm_cooperative_scheduling_test.c:76:6:tm_main	8	static
../Core/Src/tm_cooperative_scheduling_test.c:87:7:tm_cooperative_scheduling_initialize	8	static
../Core/Src/tm_cooperative_scheduling_test.c:112:7:tm_cooperative_thread_0_entry	8	static
../Core/Src/tm_cooperative_scheduling_test.c:127:7:tm_cooperative_thread_1_entry	8	static
../Core/Src/tm_cooperative_scheduling_test.c:142:7:tm_cooperative_thread_2_entry	8	static
../Core/Src/tm_cooperative_scheduling_test.c:158:7:tm_cooperative_thread_3_entry	8	static
../Core/Src/tm_cooperative_scheduling_test.c:174:7:tm_cooperative_thread_4_entry	8	static
../Core/Src/tm_cooperative_scheduling_test.c:190:7:tm_cooperative_thread_report	24	static
