../Core/Src/tm_porting_layer.c:65:6:tm_initialize	16	static
../Core/Src/tm_porting_layer.c:78:5:tm_thread_create	160	static
../Core/Src/tm_porting_layer.c:115:5:tm_thread_resume	16	static
../Core/Src/tm_porting_layer.c:135:6:tm_thread_suspend	16	static
../Core/Src/tm_porting_layer.c:151:6:tm_thread_relinquish	8	static
../Core/Src/tm_porting_layer.c:160:6:tm_thread_sleep	16	static
../Core/Src/tm_porting_layer.c:168:6:tm_queue_create	144	static
../Core/Src/tm_porting_layer.c:193:6:tm_queue_send	24	static
../Core/Src/tm_porting_layer.c:207:6:tm_queue_receive	32	static
../Core/Src/tm_porting_layer.c:222:6:tm_semaphore_create	136	static
../Core/Src/tm_porting_layer.c:247:6:tm_semaphore_get	24	static
../Core/Src/tm_porting_layer.c:261:6:tm_semaphore_put	24	static
../Core/Src/tm_porting_layer.c:277:6:tm_memory_pool_create	144	static
../Core/Src/tm_porting_layer.c:303:6:tm_memory_pool_allocate	24	static
../Core/Src/tm_porting_layer.c:321:6:tm_memory_pool_deallocate	24	static
