../Middlewares/ST/cmsis_os2.c:155:17:MemAlloc	32	static
../Middlewares/ST/cmsis_os2.c:210:19:MemFree	24	static
../Middlewares/ST/cmsis_os2.c:244:19:MemInit	24	static
../Middlewares/ST/cmsis_os2.c:364:12:osKernelInitialize	16	static,ignoring_inline_asm
../Middlewares/ST/cmsis_os2.c:421:12:osKernelGetInfo	32	static
../Middlewares/ST/cmsis_os2.c:468:17:osKernelGetState	4	static
../Middlewares/ST/cmsis_os2.c:484:12:osKernelStart	16	static,ignoring_inline_asm
../Middlewares/ST/cmsis_os2.c:527:10:osKernelGetTickCount	16	static
../Middlewares/ST/cmsis_os2.c:546:10:osKernelGetTickFreq	4	static
../Middlewares/ST/cmsis_os2.c:565:10:osKernelGetSysTimerCount	16	static
../Middlewares/ST/cmsis_os2.c:589:10:osKernelGetSysTimerFreq	4	static
../Middlewares/ST/cmsis_os2.c:614:12:osDelay	24	static,ignoring_inline_asm
../Middlewares/ST/cmsis_os2.c:658:12:osDelayUntil	32	static,ignoring_inline_asm
../Middlewares/ST/cmsis_os2.c:723:14:osThreadNew	88	static,ignoring_inline_asm
../Middlewares/ST/cmsis_os2.c:954:13:osThreadGetName	56	static,ignoring_inline_asm
../Middlewares/ST/cmsis_os2.c:988:14:osThreadGetId	16	static
../Middlewares/ST/cmsis_os2.c:1011:17:osThreadGetState	64	static,ignoring_inline_asm
../Middlewares/ST/cmsis_os2.c:1114:10:osThreadGetStackSize	32	static,ignoring_inline_asm
../Middlewares/ST/cmsis_os2.c:1147:10:osThreadGetStackSpace	32	static,ignoring_inline_asm
../Middlewares/ST/cmsis_os2.c:1181:12:osThreadSetPriority	32	static,ignoring_inline_asm
../Middlewares/ST/cmsis_os2.c:1233:14:osThreadGetPriority	56	static,ignoring_inline_asm
../Middlewares/ST/cmsis_os2.c:1278:12:osThreadYield	16	static,ignoring_inline_asm
../Middlewares/ST/cmsis_os2.c:1317:12:osThreadSuspend	32	static,ignoring_inline_asm
../Middlewares/ST/cmsis_os2.c:1372:12:osThreadResume	32	static,ignoring_inline_asm
../Middlewares/ST/cmsis_os2.c:1420:18:osThreadExit	16	static,ignoring_inline_asm
../Middlewares/ST/cmsis_os2.c:1457:12:osThreadTerminate	32	static,ignoring_inline_asm
../Middlewares/ST/cmsis_os2.c:1520:12:osThreadDetach	32	static,ignoring_inline_asm
../Middlewares/ST/cmsis_os2.c:1562:12:osThreadJoin	64	static,ignoring_inline_asm
../Middlewares/ST/cmsis_os2.c:1643:10:osThreadGetCount	24	static,ignoring_inline_asm
../Middlewares/ST/cmsis_os2.c:1703:10:osThreadEnumerate	32	static,ignoring_inline_asm
../Middlewares/ST/cmsis_os2.c:1777:13:osTimerNew	64	static,ignoring_inline_asm
../Middlewares/ST/cmsis_os2.c:1895:13:osTimerGetName	40	static,ignoring_inline_asm
../Middlewares/ST/cmsis_os2.c:1931:10:osTimerIsRunning	40	static,ignoring_inline_asm
../Middlewares/ST/cmsis_os2.c:1967:12:osTimerStop	40	static,ignoring_inline_asm
../Middlewares/ST/cmsis_os2.c:2036:12:osTimerStart	48	static,ignoring_inline_asm
../Middlewares/ST/cmsis_os2.c:2135:12:osTimerDelete	32	static,ignoring_inline_asm
../Middlewares/ST/cmsis_os2.c:2191:18:osEventFlagsNew	32	static,ignoring_inline_asm
../Middlewares/ST/cmsis_os2.c:2276:13:osEventFlagsGetName	40	static,ignoring_inline_asm
../Middlewares/ST/cmsis_os2.c:2316:10:osEventFlagsSet	40	static
../Middlewares/ST/cmsis_os2.c:2364:10:osEventFlagsClear	40	static
../Middlewares/ST/cmsis_os2.c:2410:10:osEventFlagsGet	32	static
../Middlewares/ST/cmsis_os2.c:2450:10:osEventFlagsWait	64	static,ignoring_inline_asm
../Middlewares/ST/cmsis_os2.c:2533:12:osEventFlagsDelete	32	static,ignoring_inline_asm
../Middlewares/ST/cmsis_os2.c:2593:13:osMutexNew	40	static,ignoring_inline_asm
../Middlewares/ST/cmsis_os2.c:2696:13:osMutexGetName	48	static,ignoring_inline_asm
../Middlewares/ST/cmsis_os2.c:2734:12:osMutexAcquire	40	static,ignoring_inline_asm
../Middlewares/ST/cmsis_os2.c:2790:12:osMutexRelease	32	static,ignoring_inline_asm
../Middlewares/ST/cmsis_os2.c:2836:14:osMutexGetOwner	48	static,ignoring_inline_asm
../Middlewares/ST/cmsis_os2.c:2886:12:osMutexDelete	32	static,ignoring_inline_asm
../Middlewares/ST/cmsis_os2.c:2950:17:osSemaphoreNew	48	static,ignoring_inline_asm
../Middlewares/ST/cmsis_os2.c:3038:13:osSemaphoreGetName	40	static,ignoring_inline_asm
../Middlewares/ST/cmsis_os2.c:3076:12:osSemaphoreAcquire	40	static,ignoring_inline_asm
../Middlewares/ST/cmsis_os2.c:3130:12:osSemaphoreRelease	24	static
../Middlewares/ST/cmsis_os2.c:3172:12:osSemaphoreDelete	32	static,ignoring_inline_asm
../Middlewares/ST/cmsis_os2.c:3240:20:osMessageQueueNew	56	static,ignoring_inline_asm
../Middlewares/ST/cmsis_os2.c:3431:13:osMessageQueueGetName	48	static,ignoring_inline_asm
../Middlewares/ST/cmsis_os2.c:3467:10:osMessageQueueGetCapacity	24	static
../Middlewares/ST/cmsis_os2.c:3498:10:osMessageQueueGetMsgSize	24	static
../Middlewares/ST/cmsis_os2.c:3529:10:osMessageQueueGetCount	40	static
../Middlewares/ST/cmsis_os2.c:3564:10:osMessageQueueGetSpace	40	static
../Middlewares/ST/cmsis_os2.c:3599:12:osMessageQueueReset	32	static,ignoring_inline_asm
../Middlewares/ST/cmsis_os2.c:3648:12:osMessageQueueDelete	32	static,ignoring_inline_asm
../Middlewares/ST/cmsis_os2.c:3714:12:osMessageQueuePut	40	static,ignoring_inline_asm
../Middlewares/ST/cmsis_os2.c:3777:12:osMessageQueueGet	40	static,ignoring_inline_asm
../Middlewares/ST/cmsis_os2.c:3825:13:tx_application_define	16	static
