../Core/Src/main.c:89:5:_write	24	static
../Core/Src/main.c:113:7:printi	8	static
../Core/Src/main.c:124:5:main	24	static,ignoring_inline_asm
../Core/Src/main.c:186:6:SystemClock_Config	120	static
../Core/Src/main.c:247:13:MX_ETH_Init	8	static
../Core/Src/main.c:296:13:MX_TIM6_Init	24	static
../Core/Src/main.c:334:13:MX_USART2_UART_Init	8	static
../Core/Src/main.c:382:13:MX_USART3_UART_Init	8	static
../Core/Src/main.c:430:13:MX_USB_OTG_HS_USB_Init	4	static
../Core/Src/main.c:451:6:MPU_Config	24	static
../Core/Src/main.c:477:13:MX_GPIO_Init	56	static
../Core/Src/main.c:562:6:Error_Handler	4	static,ignoring_inline_asm
