../Core/Src/stm32h7xx_it.c:73:6:NMI_Handler	4	static
../Core/Src/stm32h7xx_it.c:88:6:HardFault_Handler	4	static
../Core/Src/stm32h7xx_it.c:103:6:MemManage_Handler	4	static
../Core/Src/stm32h7xx_it.c:118:6:BusFault_Handler	4	static
../Core/Src/stm32h7xx_it.c:133:6:UsageFault_Handler	4	static
../Core/Src/stm32h7xx_it.c:148:6:DebugMon_Handler	4	static
../Core/Src/stm32h7xx_it.c:168:6:PVD_AVD_IRQHandler	8	static
../Core/Src/stm32h7xx_it.c:182:6:FLASH_IRQHandler	8	static
../Core/Src/stm32h7xx_it.c:196:6:RCC_IRQHandler	4	static
../Core/Src/stm32h7xx_it.c:209:6:EXTI9_5_IRQHandler	8	static
../Core/Src/stm32h7xx_it.c:223:6:USART2_IRQHandler	8	static
../Core/Src/stm32h7xx_it.c:237:6:USART3_IRQHandler	8	static
../Core/Src/stm32h7xx_it.c:251:6:TIM5_IRQHandler	8	static
../Core/Src/stm32h7xx_it.c:265:6:TIM6_DAC_IRQHandler	8	static
../Core/Src/stm32h7xx_it.c:279:6:ETH_IRQHandler	8	static
../Core/Src/stm32h7xx_it.c:293:6:ETH_WKUP_IRQHandler	8	static
../Core/Src/stm32h7xx_it.c:307:6:FPU_IRQHandler	4	static
../Core/Src/stm32h7xx_it.c:320:6:HSEM1_IRQHandler	8	static
