../Core/Src/tm_porting_layer.c:65:6:tm_initialize	16	static
../Core/Src/tm_porting_layer.c:78:5:tm_thread_create	160	static
../Core/Src/tm_porting_layer.c:116:5:tm_thread_resume	16	static
../Core/Src/tm_porting_layer.c:132:6:tm_thread_suspend	16	static
../Core/Src/tm_porting_layer.c:148:6:tm_thread_relinquish	8	static
../Core/Src/tm_porting_layer.c:157:6:tm_thread_sleep	16	static
../Core/Src/tm_porting_layer.c:165:6:tm_queue_create	144	static
../Core/Src/tm_porting_layer.c:190:6:tm_queue_send	24	static
../Core/Src/tm_porting_layer.c:204:6:tm_queue_receive	32	static
../Core/Src/tm_porting_layer.c:219:6:tm_semaphore_create	136	static
../Core/Src/tm_porting_layer.c:244:6:tm_semaphore_get	24	static
../Core/Src/tm_porting_layer.c:258:6:tm_semaphore_put	24	static
../Core/Src/tm_porting_layer.c:274:6:tm_memory_pool_create	144	static
../Core/Src/tm_porting_layer.c:300:6:tm_memory_pool_allocate	24	static
../Core/Src/tm_porting_layer.c:318:6:tm_memory_pool_deallocate	24	static
