../Core/Src/main.c:84:5:_write	24	static
../Core/Src/main.c:94:5:main	8	static
../Core/Src/main.c:150:6:SystemClock_Config	88	static
../Core/Src/main.c:196:13:MX_CRC_Init	8	static
../Core/Src/main.c:222:13:MX_DMA2D_Init	8	static
../Core/Src/main.c:259:13:MX_I2C3_Init	8	static
../Core/Src/main.c:307:13:MX_LTDC_Init	64	static
../Core/Src/main.c:369:13:MX_SPI5_Init	8	static
../Core/Src/main.c:407:13:MX_TIM1_Init	32	static
../Core/Src/main.c:453:13:MX_USART1_UART_Init	8	static
../Core/Src/main.c:486:13:MX_USB_OTG_HS_HCD_Init	8	static
../Core/Src/main.c:516:13:MX_FMC_Init	40	static
../Core/Src/main.c:567:13:MX_GPIO_Init	64	static
../Core/Src/main.c:659:6:HAL_TIM_PeriodElapsedCallback	16	static
../Core/Src/main.c:676:6:Error_Handler	4	static,ignoring_inline_asm
