../Core/Src/tm_preemptive_scheduling_test.c:76:6:tm_main	8	static
../Core/Src/tm_preemptive_scheduling_test.c:86:7:tm_preemptive_scheduling_initialize	8	static
../Core/Src/tm_preemptive_scheduling_test.c:115:7:tm_preemptive_thread_0_entry	8	static
../Core/Src/tm_preemptive_scheduling_test.c:133:7:tm_preemptive_thread_1_entry	8	static
../Core/Src/tm_preemptive_scheduling_test.c:154:7:tm_preemptive_thread_2_entry	8	static
../Core/Src/tm_preemptive_scheduling_test.c:176:7:tm_preemptive_thread_3_entry	8	static
../Core/Src/tm_preemptive_scheduling_test.c:198:7:tm_preemptive_thread_4_entry	8	static
../Core/Src/tm_preemptive_scheduling_test.c:214:7:tm_preemptive_thread_report	24	static
