../Core/Src/main.c:92:5:_write	24	static
../Core/Src/main.c:102:5:main	208	static
../Core/Src/main.c:188:6:SystemClock_Config	88	static
../Core/Src/main.c:234:13:MX_CRC_Init	8	static
../Core/Src/main.c:260:13:MX_DMA2D_Init	8	static
../Core/Src/main.c:297:13:MX_I2C3_Init	8	static
../Core/Src/main.c:345:13:MX_LTDC_Init	64	static
../Core/Src/main.c:407:13:MX_SPI5_Init	8	static
../Core/Src/main.c:445:13:MX_TIM1_Init	32	static
../Core/Src/main.c:491:13:MX_USART1_UART_Init	8	static
../Core/Src/main.c:520:13:MX_FMC_Init	40	static
../Core/Src/main.c:571:13:MX_GPIO_Init	64	static
../Core/Src/main.c:662:6:StartDefaultTask	16	static
../Core/Src/main.c:683:6:HAL_TIM_PeriodElapsedCallback	16	static
../Core/Src/main.c:700:6:Error_Handler	4	static,ignoring_inline_asm
