../Core/Src/tm_porting_layer.c:65:6:tm_initialize	16	static
../Core/Src/tm_porting_layer.c:78:5:tm_thread_create	160	static
../Core/Src/tm_porting_layer.c:116:5:tm_thread_resume	16	static
../Core/Src/tm_porting_layer.c:137:6:tm_thread_suspend	16	static
../Core/Src/tm_porting_layer.c:153:6:tm_thread_relinquish	8	static
../Core/Src/tm_porting_layer.c:162:6:tm_thread_sleep	16	static
../Core/Src/tm_porting_layer.c:170:6:tm_queue_create	144	static
../Core/Src/tm_porting_layer.c:195:6:tm_queue_send	24	static
../Core/Src/tm_porting_layer.c:209:6:tm_queue_receive	32	static
../Core/Src/tm_porting_layer.c:224:6:tm_semaphore_create	136	static
../Core/Src/tm_porting_layer.c:249:6:tm_semaphore_get	24	static
../Core/Src/tm_porting_layer.c:263:6:tm_semaphore_put	24	static
../Core/Src/tm_porting_layer.c:279:6:tm_memory_pool_create	144	static
../Core/Src/tm_porting_layer.c:305:6:tm_memory_pool_allocate	24	static
../Core/Src/tm_porting_layer.c:323:6:tm_memory_pool_deallocate	24	static
